Component: ARM Compiler 5.06 update 3 (build 300) Tool: armlink [4d35c9]

==============================================================================

Section Cross References

    stm32f0xx_hal_rcc_ex.o(i.HAL_RCCEx_GetPeriphCLKFreq) refers to stm32f0xx_hal_rcc.o(i.HAL_RCC_GetPCLK1Freq) for HAL_RCC_GetPCLK1Freq
    stm32f0xx_hal_rcc_ex.o(i.HAL_RCCEx_GetPeriphCLKFreq) refers to stm32f0xx_hal_rcc.o(i.HAL_RCC_GetSysClockFreq) for HAL_RCC_GetSysClockFreq
    stm32f0xx_hal_rcc_ex.o(i.HAL_RCCEx_PeriphCLKConfig) refers to stm32f0xx_hal.o(i.HAL_GetTick) for HAL_GetTick
    stm32f0xx_hal_cortex.o(i.HAL_NVIC_SetPriority) refers to stm32f0xx_hal_cortex.o(i.NVIC_SetPriority) for NVIC_SetPriority
    stm32f0xx_hal_cortex.o(i.HAL_SYSTICK_Config) refers to stm32f0xx_hal_cortex.o(i.NVIC_SetPriority) for NVIC_SetPriority
    stm32f0xx_hal_cortex.o(i.HAL_SYSTICK_IRQHandler) refers to stm32f0xx_hal_cortex.o(i.HAL_SYSTICK_Callback) for HAL_SYSTICK_Callback
    stm32f0xx_hal_i2c.o(i.HAL_I2C_DeInit) refers to i2c.o(i.HAL_I2C_MspDeInit) for HAL_I2C_MspDeInit
    stm32f0xx_hal_i2c.o(i.HAL_I2C_DisableListen_IT) refers to stm32f0xx_hal_i2c.o(i.I2C_Disable_IRQ) for I2C_Disable_IRQ
    stm32f0xx_hal_i2c.o(i.HAL_I2C_ER_IRQHandler) refers to stm32f0xx_hal_i2c.o(i.I2C_ITError) for I2C_ITError
    stm32f0xx_hal_i2c.o(i.HAL_I2C_EnableListen_IT) refers to stm32f0xx_hal_i2c.o(i.I2C_Enable_IRQ) for I2C_Enable_IRQ
    stm32f0xx_hal_i2c.o(i.HAL_I2C_EnableListen_IT) refers to stm32f0xx_hal_i2c.o(i.I2C_Slave_ISR_IT) for I2C_Slave_ISR_IT
    stm32f0xx_hal_i2c.o(i.HAL_I2C_Init) refers to i2c.o(i.HAL_I2C_MspInit) for HAL_I2C_MspInit
    stm32f0xx_hal_i2c.o(i.HAL_I2C_IsDeviceReady) refers to stm32f0xx_hal.o(i.HAL_GetTick) for HAL_GetTick
    stm32f0xx_hal_i2c.o(i.HAL_I2C_IsDeviceReady) refers to stm32f0xx_hal_i2c.o(i.I2C_WaitOnFlagUntilTimeout) for I2C_WaitOnFlagUntilTimeout
    stm32f0xx_hal_i2c.o(i.HAL_I2C_Master_Abort_IT) refers to stm32f0xx_hal_i2c.o(i.I2C_Disable_IRQ) for I2C_Disable_IRQ
    stm32f0xx_hal_i2c.o(i.HAL_I2C_Master_Abort_IT) refers to stm32f0xx_hal_i2c.o(i.I2C_TransferConfig) for I2C_TransferConfig
    stm32f0xx_hal_i2c.o(i.HAL_I2C_Master_Abort_IT) refers to stm32f0xx_hal_i2c.o(i.I2C_Enable_IRQ) for I2C_Enable_IRQ
    stm32f0xx_hal_i2c.o(i.HAL_I2C_Master_Receive) refers to stm32f0xx_hal.o(i.HAL_GetTick) for HAL_GetTick
    stm32f0xx_hal_i2c.o(i.HAL_I2C_Master_Receive) refers to stm32f0xx_hal_i2c.o(i.I2C_WaitOnFlagUntilTimeout) for I2C_WaitOnFlagUntilTimeout
    stm32f0xx_hal_i2c.o(i.HAL_I2C_Master_Receive) refers to stm32f0xx_hal_i2c.o(i.I2C_TransferConfig) for I2C_TransferConfig
    stm32f0xx_hal_i2c.o(i.HAL_I2C_Master_Receive) refers to stm32f0xx_hal_i2c.o(i.I2C_WaitOnRXNEFlagUntilTimeout) for I2C_WaitOnRXNEFlagUntilTimeout
    stm32f0xx_hal_i2c.o(i.HAL_I2C_Master_Receive) refers to stm32f0xx_hal_i2c.o(i.I2C_WaitOnSTOPFlagUntilTimeout) for I2C_WaitOnSTOPFlagUntilTimeout
    stm32f0xx_hal_i2c.o(i.HAL_I2C_Master_Receive_DMA) refers to stm32f0xx_hal_dma.o(i.HAL_DMA_Start_IT) for HAL_DMA_Start_IT
    stm32f0xx_hal_i2c.o(i.HAL_I2C_Master_Receive_DMA) refers to stm32f0xx_hal_i2c.o(i.I2C_TransferConfig) for I2C_TransferConfig
    stm32f0xx_hal_i2c.o(i.HAL_I2C_Master_Receive_DMA) refers to stm32f0xx_hal_i2c.o(i.I2C_Enable_IRQ) for I2C_Enable_IRQ
    stm32f0xx_hal_i2c.o(i.HAL_I2C_Master_Receive_DMA) refers to stm32f0xx_hal_i2c.o(i.I2C_Master_ISR_DMA) for I2C_Master_ISR_DMA
    stm32f0xx_hal_i2c.o(i.HAL_I2C_Master_Receive_DMA) refers to stm32f0xx_hal_i2c.o(i.I2C_DMAMasterReceiveCplt) for I2C_DMAMasterReceiveCplt
    stm32f0xx_hal_i2c.o(i.HAL_I2C_Master_Receive_DMA) refers to stm32f0xx_hal_i2c.o(i.I2C_DMAError) for I2C_DMAError
    stm32f0xx_hal_i2c.o(i.HAL_I2C_Master_Receive_DMA) refers to stm32f0xx_hal_i2c.o(i.I2C_Master_ISR_IT) for I2C_Master_ISR_IT
    stm32f0xx_hal_i2c.o(i.HAL_I2C_Master_Receive_IT) refers to stm32f0xx_hal_i2c.o(i.I2C_TransferConfig) for I2C_TransferConfig
    stm32f0xx_hal_i2c.o(i.HAL_I2C_Master_Receive_IT) refers to stm32f0xx_hal_i2c.o(i.I2C_Enable_IRQ) for I2C_Enable_IRQ
    stm32f0xx_hal_i2c.o(i.HAL_I2C_Master_Receive_IT) refers to stm32f0xx_hal_i2c.o(i.I2C_Master_ISR_IT) for I2C_Master_ISR_IT
    stm32f0xx_hal_i2c.o(i.HAL_I2C_Master_Sequential_Receive_IT) refers to stm32f0xx_hal_i2c.o(i.I2C_TransferConfig) for I2C_TransferConfig
    stm32f0xx_hal_i2c.o(i.HAL_I2C_Master_Sequential_Receive_IT) refers to stm32f0xx_hal_i2c.o(i.I2C_Enable_IRQ) for I2C_Enable_IRQ
    stm32f0xx_hal_i2c.o(i.HAL_I2C_Master_Sequential_Receive_IT) refers to stm32f0xx_hal_i2c.o(i.I2C_Master_ISR_IT) for I2C_Master_ISR_IT
    stm32f0xx_hal_i2c.o(i.HAL_I2C_Master_Sequential_Transmit_IT) refers to stm32f0xx_hal_i2c.o(i.I2C_TransferConfig) for I2C_TransferConfig
    stm32f0xx_hal_i2c.o(i.HAL_I2C_Master_Sequential_Transmit_IT) refers to stm32f0xx_hal_i2c.o(i.I2C_Enable_IRQ) for I2C_Enable_IRQ
    stm32f0xx_hal_i2c.o(i.HAL_I2C_Master_Sequential_Transmit_IT) refers to stm32f0xx_hal_i2c.o(i.I2C_Master_ISR_IT) for I2C_Master_ISR_IT
[...]
    i.hardwareTest                           0x08004f90   Section        0  hardware_test.o(i.hardwareTest)
    i.heaterNotHeating                       0x080050e0   Section        0  open_window.o(i.heaterNotHeating)
    i.heatingSetTargetTemperature            0x08005104   Section        0  heating.o(i.heatingSetTargetTemperature)
    i.hourSet                                0x08005110   Section        0  programs.o(i.hourSet)
    i.i2cGetRTCValues                        0x08005138   Section        0  i2c.o(i.i2cGetRTCValues)
    i.i2cRTCstartingTimeInit                 0x0800517c   Section        0  i2c.o(i.i2cRTCstartingTimeInit)
    i.i2cReturnSlaveAddress                  0x080051ac   Section        0  i2c.o(i.i2cReturnSlaveAddress)
    i.i2cTestForRTCChip                      0x080051b8   Section        0  i2c.o(i.i2cTestForRTCChip)
    i.i2cWriteTimeToRTC                      0x08005224   Section        0  i2c.o(i.i2cWriteTimeToRTC)
    i.increment_counter                      0x080052ac   Section        0  tim.o(i.increment_counter)
    i.ledCheckForProgram                     0x080052b4   Section        0  led.o(i.ledCheckForProgram)
    i.log                                    0x080052e4   Section        0  log.o(i.log)
    i.main                                   0x08005638   Section        0  main.o(i.main)
    i.minuteTempSet                          0x08005698   Section        0  programs.o(i.minuteTempSet)
    i.multiPushButtonHOCallback              0x080056b4   Section        0  button_handler.o(i.multiPushButtonHOCallback)
    i.multi_button_cb_checker                0x080056b8   Section        0  button_drv.o(i.multi_button_cb_checker)
    multi_button_cb_checker                  0x080056b9   Thumb Code    18  button_drv.o(i.multi_button_cb_checker)
    i.nextProgram                            0x080056d0   Section        0  programs.o(i.nextProgram)
    i.noProgram                              0x080056fc   Section        0  programs.o(i.noProgram)
    i.notHeatingCount                        0x08005730   Section        0  open_window.o(i.notHeatingCount)
    i.openWindowCheckNotSuccess              0x0800578c   Section        0  open_window.o(i.openWindowCheckNotSuccess)
    i.openWindowCheckTemperatureLoss         0x080057b4   Section        0  open_window.o(i.openWindowCheckTemperatureLoss)
    i.openWindowDisplay                      0x080057f8   Section        0  display.o(i.openWindowDisplay)
    i.openWindowSpeculateTemperature         0x0800582c   Section        0  open_window.o(i.openWindowSpeculateTemperature)
    i.openWindowStateDisplay                 0x08005878   Section        0  open_window.o(i.openWindowStateDisplay)
    i.openWindowStateSelect                  0x080058a0   Section        0  open_window.o(i.openWindowStateSelect)
    i.openWindowTimer                        0x080058c4   Section        0  open_window.o(i.openWindowTimer)
    i.open_window_init                       0x0800595c   Section        0  open_window.o(i.open_window_init)
    i.passCurrentProgramCallback             0x08005970   Section        0  schedules.o(i.passCurrentProgramCallback)
    i.passRTCValues                          0x08005a30   Section        0  i2c.o(i.passRTCValues)
    i.powerLossSettings                      0x08005a44   Section        0  button_handler.o(i.powerLossSettings)
    i.previousProgram                        0x08005a6c   Section        0  programs.o(i.previousProgram)
    i.programActiveState                     0x08005a98   Section        0  programs.o(i.programActiveState)
    i.programDisplay                         0x08005ac0   Section        0  programs.o(i.programDisplay)
    i.programMenuDecrease                    0x08005ae0   Section        0  program_menu.o(i.programMenuDecrease)
    i.programMenuIncrease                    0x08005b00   Section        0  program_menu.o(i.programMenuIncrease)
    i.programMenuSelect                      0x08005b1c   Section        0  program_menu.o(i.programMenuSelect)
    i.programMenuSetComfort                  0x08005b6c   Section        0  program_menu.o(i.programMenuSetComfort)
    i.programMenuSetCurrentProgram           0x08005b78   Section        0  program_menu.o(i.programMenuSetCurrentProgram)
    i.programMinus                           0x08005b90   Section        0  programs.o(i.programMinus)
    i.programPlus                            0x08005b9c   Section        0  programs.o(i.programPlus)
    i.programSelect                          0x08005ba8   Section        0  programs.o(i.programSelect)
    i.programSelectDisplay                   0x08005c04   Section        0  display.o(i.programSelectDisplay)
    i.programStateDisplay                    0x08005c0c   Section        0  programs.o(i.programStateDisplay)
    i.programTypeSwitch                      0x08005c58   Section        0  programs.o(i.programTypeSwitch)
    i.programsCheckForLowestTarget           0x08005c84   Section        0  programs.o(i.programsCheckForLowestTarget)
    i.programsDecrement                      0x08005cf0   Section        0  programs.o(i.programsDecrement)
    i.programsIncrement                      0x08005d02   Section        0  programs.o(i.programsIncrement)
    i.programsInit                           0x08005d14   Section        0  programs.o(i.programsInit)
    i.programsPassAlongSettings              0x08005d98   Section        0  programs.o(i.programsPassAlongSettings)
    i.pushButtonBackCallback                 0x08005dc4   Section        0  button_handler.o(i.pushButtonBackCallback)
    i.pushButtonDownCallback                 0x08005e88   Section        0  button_handler.o(i.pushButtonDownCallback)
    i.pushButtonForwardCallback              0x08005f00   Section        0  button_handler.o(i.pushButtonForwardCallback)
    i.pushButtonFunctionCallback             0x08005fe4   Section        0  button_handler.o(i.pushButtonFunctionCallback)
    i.pushButtonUpCallback                   0x08006118   Section        0  button_handler.o(i.pushButtonUpCallback)
    i.push_button_handler_cb                 0x08006190   Section        0  button_drv.o(i.push_button_handler_cb)
    i.redLed                                 0x080061fc   Section        0  led.o(i.redLed)
    i.register_push_button                   0x08006234   Section        0  button_drv.o(i.register_push_button)
    i.rtcSetTimeToRTC                        0x0800631c   Section        0  i2c.o(i.rtcSetTimeToRTC)
    i.schedulesCheck                         0x08006380   Section        0  schedules.o(i.schedulesCheck)
    i.schedulesTempChangeSave                0x080063ac   Section        0  schedules.o(i.schedulesTempChangeSave)
    i.screen_toggle_counter_expression       0x08006404   Section        0  tim.o(i.screen_toggle_counter_expression)
    i.secondLED                              0x0800643c   Section        0  led.o(i.secondLED)
    i.settingProgramsButtonDecrease          0x08006468   Section        0  programs.o(i.settingProgramsButtonDecrease)
    i.settingProgramsButtonIncrease          0x080064d4   Section        0  programs.o(i.settingProgramsButtonIncrease)
    i.settingProgramsDisplay                 0x08006540   Section        0  programs.o(i.settingProgramsDisplay)
    i.settingWeekDay                         0x080065c8   Section        0  programs.o(i.settingWeekDay)
    i.setup_rtc_addresses                    0x080065f0   Section        0  i2c.o(i.setup_rtc_addresses)
    i.startOrOff                             0x08006664   Section        0  programs.o(i.startOrOff)
    i.startProgram                           0x08006690   Section        0  programs.o(i.startProgram)
    i.stateBack                              0x080066c8   Section        0  button_handler.o(i.stateBack)
    i.stateForward                           0x080066f4   Section        0  button_handler.o(i.stateForward)
    i.tim_set_restart                        0x08006720   Section        0  tim.o(i.tim_set_restart)
    i.timeChecking                           0x0800672c   Section        0  adaptive_start.o(i.timeChecking)
    i.timeDateButtonHandlerDecrement         0x0800687c   Section        0  time_date.o(i.timeDateButtonHandlerDecrement)
    i.timeDateButtonHandlerIncrement         0x080068cc   Section        0  time_date.o(i.timeDateButtonHandlerIncrement)
    i.timeDateButtonState                    0x0800691c   Section        0  time_date.o(i.timeDateButtonState)
    i.timeDateDecrement                      0x0800692c   Section        0  time_date.o(i.timeDateDecrement)
    i.timeDateDisplay                        0x08006940   Section        0  time_date.o(i.timeDateDisplay)
    i.timeDateIncrement                      0x080069ac   Section        0  time_date.o(i.timeDateIncrement)
    i.timeDateInit                           0x080069c0   Section        0  time_date.o(i.timeDateInit)
    i.timeScheduleCheck                      0x080069d4   Section        0  schedules.o(i.timeScheduleCheck)
    i.timeStampGet                           0x08006a38   Section        0  adaptive_start.o(i.timeStampGet)
    i.timeStampToTime                        0x08006b20   Section        0  adaptive_start.o(i.timeStampToTime)
    i.triacControl                           0x08006b60   Section        0  heating.o(i.triacControl)
    i.updateTemperature                      0x08006c74   Section        0  temperature.o(i.updateTemperature)
    i.update_button_states                   0x08006ca8   Section        0  button_drv.o(i.update_button_states)
    i.wasFlashSet                            0x08006ee8   Section        0  flash.o(i.wasFlashSet)
    .constdata                               0x08006f04   Section       24  system_stm32f0xx.o(.constdata)
    .constdata                               0x08006f20   Section       56  log.o(.constdata)
    Lg2                                      0x08006f20   Data          24  log.o(.constdata)
    Lg                                       0x08006f38   Data          32  log.o(.constdata)
    .constdata                               0x08006f58   Section        8  qnan.o(.constdata)
    .data                                    0x20000000   Section        4  stm32f0xx_hal.o(.data)
    .data                                    0x20000004   Section        4  system_stm32f0xx.o(.data)
    .data                                    0x20000008   Section       13  i2c.o(.data)
    .data                                    0x20000016   Section       10  tim.o(.data)
    temperature_count                        0x2000001e   Data           2  tim.o(.data)
    .data                                    0x20000020   Section      148  display.o(.data)
    blinkOn                                  0x200000b0   Data           4  display.o(.data)
    .data                                    0x200000b4   Section       44  button_drv.o(.data)
    pauseButtonUpdate                        0x200000b4   Data           4  button_drv.o(.data)
    pressedButtonsMask                       0x200000b8   Data           4  button_drv.o(.data)
    enabledButtonsMask                       0x200000bc   Data           4  button_drv.o(.data)
    longPushIssuedMask                       0x200000c0   Data           4  button_drv.o(.data)
    registeredButtonsMask                    0x200000c4   Data           4  button_drv.o(.data)
    multi_button_cb                          0x200000c8   Data           4  button_drv.o(.data)
    previousInputStatus                      0x200000d8   Data           4  button_drv.o(.data)
    previousActiveButtonsCount               0x200000dc   Data           4  button_drv.o(.data)
    .data                                    0x200000e0   Section        8  open_window.o(.data)
    vain_heating_count                       0x200000e7   Data           1  open_window.o(.data)
    .data                                    0x200000e8   Section        6  time_date.o(.data)
    .data                                    0x200000f0   Section       24  adaptive_start.o(.data)
    started_temperature                      0x200000fc   Data           2  adaptive_start.o(.data)
    isStarted                                0x200000fe   Data           1  adaptive_start.o(.data)
    isFirst                                  0x200000ff   Data           1  adaptive_start.o(.data)
    newStart                                 0x20000100   Data           1  adaptive_start.o(.data)
    time_stamp                               0x20000104   Data           4  adaptive_start.o(.data)
    .data                                    0x20000108   Section       26  factory_settings.o(.data)
    .data                                    0x20000122   Section        8  temperature.o(.data)
    adc_value                                0x20000128   Data           2  temperature.o(.data)
    .data                                    0x2000012a   Section        8  heating.o(.data)
    temp_dif                                 0x2000012e   Data           2  heating.o(.data)
    temp_pwm                                 0x20000130   Data           2  heating.o(.data)
    .data                                    0x20000132   Section        2  hardware_test.o(.data)
    .data                                    0x20000134   Section       16  programs.o(.data)
    .data                                    0x20000144   Section        1  program_menu.o(.data)
    .data                                    0x20000145   Section        4  led.o(.data)
    LEDblinkingCounter                       0x20000148   Data           1  led.o(.data)
    .data                                    0x2000014c   Section        4  errno.o(.data)
    _errno                                   0x2000014c   Data           4  errno.o(.data)
    .bss                                     0x20000150   Section       32  stm32f0xx_hal_flash.o(.bss)
    .bss                                     0x20000170   Section      144  adc.o(.bss)
    .bss                                     0x20000200   Section       76  i2c.o(.bss)
    .bss                                     0x2000024c   Section       32  rtc.o(.bss)
    .bss                                     0x2000026c   Section      128  tim.o(.bss)
    .bss                                     0x200002ec   Section      220  button_drv.o(.bss)
    bushButtonArray                          0x200002ec   Data         220  button_drv.o(.bss)
    .bss                                     0x200003c8   Section       30  current_state.o(.bss)
    .bss                                     0x200003e6   Section       40  programs.o(.bss)
    STACK                                    0x20000410   Section     1024  startup_stm32f030x6.o(STACK)

    Global Symbols

    Symbol Name                              Value     Ov Type        Size  Object(Section)

    BuildAttributes$$THM_ISAv3M$S$PE$A:L22$X:L11$S22$IEEE1$IW$USESV6$~STKCKD$USESV7$~SHL$OTIME$ROPI$IEEEX$EBA8$MICROLIB$REQ8$PRES8$EABIv2 0x00000000   Number         0  anon$$obj.o ABSOLUTE
    __ARM_use_no_argv                        0x00000000   Number         0  main.o ABSOLUTE
    __cpp_initialize__aeabi_                  - Undefined Weak Reference
    __cxa_finalize                            - Undefined Weak Reference
    _clock_init                               - Undefined Weak Reference
    _microlib_exit                            - Undefined Weak Reference
    __Vectors_Size                           0x000000b0   Number         0  startup_stm32f030x6.o ABSOLUTE
    __Vectors                                0x08000000   Data           4  startup_stm32f030x6.o(RESET)
    __Vectors_End                            0x080000b0   Data           0  startup_stm32f030x6.o(RESET)
    __main                                   0x080000b1   Thumb Code     0  entry.o(.ARM.Collect$$$$00000000)
    _main_stk                                0x080000b1   Thumb Code     0  entry2.o(.ARM.Collect$$$$00000001)
    _main_scatterload                        0x080000b5   Thumb Code     0  entry5.o(.ARM.Collect$$$$00000004)
    __main_after_scatterload                 0x080000b9   Thumb Code     0  entry5.o(.ARM.Collect$$$$00000004)
    _main_clock                              0x080000b9   Thumb Code     0  entry7b.o(.ARM.Collect$$$$00000008)
    _main_cpp_init                           0x080000b9   Thumb Code     0  entry8b.o(.ARM.Collect$$$$0000000A)
    _main_init                               0x080000b9   Thumb Code     0  entry9a.o(.ARM.Collect$$$$0000000B)
    __rt_final_cpp                           0x080000c1   Thumb Code     0  entry10a.o(.ARM.Collect$$$$0000000D)
    __rt_final_exit                          0x080000c1   Thumb Code     0  entry11a.o(.ARM.Collect$$$$0000000F)
    Reset_Handler                            0x080000c5   Thumb Code     8  startup_stm32f030x6.o(.text)
    ADC1_IRQHandler                          0x080000d7   Thumb Code     0  startup_stm32f030x6.o(.text)
    DMA1_Channel2_3_IRQHandler               0x080000d7   Thumb Code     0  startup_stm32f030x6.o(.text)
    DMA1_Channel4_5_IRQHandler               0x080000d7   Thumb Code     0  startup_stm32f030x6.o(.text)
    EXTI0_1_IRQHandler                       0x080000d7   Thumb Code     0  startup_stm32f030x6.o(.text)
    EXTI2_3_IRQHandler                       0x080000d7   Thumb Code     0  startup_stm32f030x6.o(.text)
    EXTI4_15_IRQHandler                      0x080000d7   Thumb Code     0  startup_stm32f030x6.o(.text)
    FLASH_IRQHandler                         0x080000d7   Thumb Code     0  startup_stm32f030x6.o(.text)
    I2C1_IRQHandler                          0x080000d7   Thumb Code     0  startup_stm32f030x6.o(.text)
    RCC_IRQHandler                           0x080000d7   Thumb Code     0  startup_stm32f030x6.o(.text)
    RTC_IRQHandler                           0x080000d7   Thumb Code     0  startup_stm32f030x6.o(.text)
    SPI1_IRQHandler                          0x080000d7   Thumb Code     0  startup_stm32f030x6.o(.text)
    TIM14_IRQHandler                         0x080000d7   Thumb Code     0  startup_stm32f030x6.o(.text)
    TIM16_IRQHandler                         0x080000d7   Thumb Code     0  startup_stm32f030x6.o(.text)
    TIM17_IRQHandler                         0x080000d7   Thumb Code     0  startup_stm32f030x6.o(.text)
    USART1_IRQHandler                        0x080000d7   Thumb Code     0  startup_stm32f030x6.o(.text)
    WWDG_IRQHandler                          0x080000d7   Thumb Code     0  startup_stm32f030x6.o(.text)
    __aeabi_uidiv                            0x080000e1   Thumb Code     0  uidiv.o(.text)
    __aeabi_uidivmod                         0x080000e1   Thumb Code    44  uidiv.o(.text)
    __aeabi_idiv                             0x0800010d   Thumb Code     0  idiv.o(.text)
    __aeabi_idivmod                          0x0800010d   Thumb Code    40  idiv.o(.text)
    __aeabi_llsr                             0x08000135   Thumb Code    34  llushr.o(.text)
    _ll_ushift_r                             0x08000135   Thumb Code     0  llushr.o(.text)
    __aeabi_memcpy                           0x08000157   Thumb Code    36  memcpya.o(.text)
    __aeabi_memcpy4                          0x08000157   Thumb Code     0  memcpya.o(.text)
    __aeabi_memcpy8                          0x08000157   Thumb Code     0  memcpya.o(.text)
    __aeabi_memset                           0x0800017b   Thumb Code    14  memseta.o(.text)
    __aeabi_memset4                          0x0800017b   Thumb Code     0  memseta.o(.text)
    __aeabi_memset8                          0x0800017b   Thumb Code     0  memseta.o(.text)
    __aeabi_memclr                           0x08000189   Thumb Code     4  memseta.o(.text)
    __aeabi_memclr4                          0x08000189   Thumb Code     0  memseta.o(.text)
    __aeabi_memclr8                          0x08000189   Thumb Code     0  memseta.o(.text)
    _memset$wrapper                          0x0800018d   Thumb Code    18  memseta.o(.text)
    __aeabi_dadd                             0x080001a1   Thumb Code   328  dadd.o(.text)
    __aeabi_dsub                             0x080002e9   Thumb Code    12  dadd.o(.text)
    __aeabi_drsub                            0x080002f5   Thumb Code    12  dadd.o(.text)
    __aeabi_dmul                             0x08000305   Thumb Code   202  dmul.o(.text)
    __aeabi_ddiv                             0x080003d5   Thumb Code   234  ddiv.o(.text)
    __aeabi_i2d                              0x080004c5   Thumb Code    34  dflti.o(.text)
    __aeabi_ui2d                             0x080004ed   Thumb Code    24  dfltui.o(.text)
    __aeabi_d2uiz                            0x08000509   Thumb Code    50  dfixui.o(.text)
    __aeabi_cdcmpeq                          0x08000545   Thumb Code     0  cdcmple.o(.text)
    __aeabi_cdcmple                          0x08000545   Thumb Code    38  cdcmple.o(.text)
    __aeabi_llsl                             0x0800056d   Thumb Code    32  llshl.o(.text)
    _ll_shift_l                              0x0800056d   Thumb Code     0  llshl.o(.text)
    __aeabi_lasr                             0x0800058d   Thumb Code    38  llsshr.o(.text)
    _ll_sshift_r                             0x0800058d   Thumb Code     0  llsshr.o(.text)
    __I$use$fp                               0x080005b3   Thumb Code     0  iusefp.o(.text)
    _double_round                            0x080005b3   Thumb Code    26  depilogue.o(.text)
    _double_epilogue                         0x080005cd   Thumb Code   164  depilogue.o(.text)
    __ARM_scalbn                             0x08000671   Thumb Code    44  dscalb.o(.text)
    scalbn                                   0x08000671   Thumb Code     0  dscalb.o(.text)
    __scatterload                            0x0800069d   Thumb Code    28  init.o(.text)
    __scatterload_rt2                        0x0800069d   Thumb Code     0  init.o(.text)
    __decompress                             0x080006c1   Thumb Code     0  __dczerorl2.o(.text)
    __decompress1                            0x080006c1   Thumb Code    86  __dczerorl2.o(.text)
    DMA1_Channel1_IRQHandler                 0x080009b5   Thumb Code    10  stm32f0xx_it.o(i.DMA1_Channel1_IRQHandler)
    DecrementCalibrationValue                0x08000a11   Thumb Code    40  temperature.o(i.DecrementCalibrationValue)
    DecrementValue                           0x08000a41   Thumb Code    20  button_handler.o(i.DecrementValue)
    Error_Handler                            0x08000a59   Thumb Code     4  main.o(i.Error_Handler)
    FLASH_PageErase                          0x08000a5d   Thumb Code    46  stm32f0xx_hal_flash_ex.o(i.FLASH_PageErase)
    FLASH_WaitForLastOperation               0x08000afd   Thumb Code   100  stm32f0xx_hal_flash.o(i.FLASH_WaitForLastOperation)
    HAL_ADC_ConfigChannel                    0x08000b65   Thumb Code   374  stm32f0xx_hal_adc.o(i.HAL_ADC_ConfigChannel)
    HAL_ADC_ConvCpltCallback                 0x08000ced   Thumb Code     2  stm32f0xx_hal_adc.o(i.HAL_ADC_ConvCpltCallback)
    HAL_ADC_ConvHalfCpltCallback             0x08000cef   Thumb Code     2  stm32f0xx_hal_adc.o(i.HAL_ADC_ConvHalfCpltCallback)
    HAL_ADC_ErrorCallback                    0x08000cf1   Thumb Code     2  stm32f0xx_hal_adc.o(i.HAL_ADC_ErrorCallback)
    HAL_ADC_GetValue                         0x08000cf3   Thumb Code     8  stm32f0xx_hal_adc.o(i.HAL_ADC_GetValue)
    HAL_ADC_Init                             0x08000cfd   Thumb Code   440  stm32f0xx_hal_adc.o(i.HAL_ADC_Init)
    HAL_ADC_MspInit                          0x08000ebd   Thumb Code   124  adc.o(i.HAL_ADC_MspInit)
    HAL_ADC_Start_DMA                        0x08000f49   Thumb Code   176  stm32f0xx_hal_adc.o(i.HAL_ADC_Start_DMA)
    HAL_ADC_Stop_DMA                         0x08001009   Thumb Code   136  stm32f0xx_hal_adc.o(i.HAL_ADC_Stop_DMA)
    HAL_DMA_Abort                            0x08001091   Thumb Code    56  stm32f0xx_hal_dma.o(i.HAL_DMA_Abort)
    HAL_DMA_IRQHandler                       0x080010c9   Thumb Code   240  stm32f0xx_hal_dma.o(i.HAL_DMA_IRQHandler)
    HAL_DMA_Init                             0x080011b9   Thumb Code    94  stm32f0xx_hal_dma.o(i.HAL_DMA_Init)
    HAL_DMA_Start_IT                         0x0800121d   Thumb Code   154  stm32f0xx_hal_dma.o(i.HAL_DMA_Start_IT)
    HAL_FLASH_Lock                           0x080012b9   Thumb Code    16  stm32f0xx_hal_flash.o(i.HAL_FLASH_Lock)
    HAL_FLASH_Program                        0x080012cd   Thumb Code   174  stm32f0xx_hal_flash.o(i.HAL_FLASH_Program)
    HAL_FLASH_Unlock                         0x08001389   Thumb Code    32  stm32f0xx_hal_flash.o(i.HAL_FLASH_Unlock)
    HAL_GPIO_Init                            0x080013b5   Thumb Code   470  stm32f0xx_hal_gpio.o(i.HAL_GPIO_Init)
    HAL_GPIO_ReadPin                         0x080015a5   Thumb Code    18  stm32f0xx_hal_gpio.o(i.HAL_GPIO_ReadPin)
    HAL_GPIO_WritePin                        0x080015b7   Thumb Code    12  stm32f0xx_hal_gpio.o(i.HAL_GPIO_WritePin)
    HAL_GetTick                              0x080015c5   Thumb Code     6  stm32f0xx_hal.o(i.HAL_GetTick)
    HAL_I2CEx_ConfigAnalogFilter             0x080015d1   Thumb Code   110  stm32f0xx_hal_i2c_ex.o(i.HAL_I2CEx_ConfigAnalogFilter)
    HAL_I2C_Init                             0x08001641   Thumb Code   208  stm32f0xx_hal_i2c.o(i.HAL_I2C_Init)
    HAL_I2C_Master_Receive                   0x08001715   Thumb Code   380  stm32f0xx_hal_i2c.o(i.HAL_I2C_Master_Receive)
    HAL_I2C_Master_Transmit                  0x08001895   Thumb Code   376  stm32f0xx_hal_i2c.o(i.HAL_I2C_Master_Transmit)
    HAL_I2C_MspInit                          0x08001a11   Thumb Code    82  i2c.o(i.HAL_I2C_MspInit)
    HAL_IncTick                              0x08001a6d   Thumb Code    12  stm32f0xx_hal.o(i.HAL_IncTick)
    HAL_Init                                 0x08001a7d   Thumb Code    28  stm32f0xx_hal.o(i.HAL_Init)
    HAL_InitTick                             0x08001a9d   Thumb Code    38  stm32f0xx_hal.o(i.HAL_InitTick)
    HAL_MspInit                              0x08001ac5   Thumb Code    62  stm32f0xx_hal_msp.o(i.HAL_MspInit)
    HAL_NVIC_EnableIRQ                       0x08001b09   Thumb Code    18  stm32f0xx_hal_cortex.o(i.HAL_NVIC_EnableIRQ)
    HAL_NVIC_SetPriority                     0x08001b21   Thumb Code    18  stm32f0xx_hal_cortex.o(i.HAL_NVIC_SetPriority)
    HAL_NVIC_SystemReset                     0x08001b35   Thumb Code    48  stm32f0xx_hal_cortex.o(i.HAL_NVIC_SystemReset)
    HAL_RCCEx_PeriphCLKConfig                0x08001b6d   Thumb Code   322  stm32f0xx_hal_rcc_ex.o(i.HAL_RCCEx_PeriphCLKConfig)
    HAL_RCC_ClockConfig                      0x08001cbd   Thumb Code   382  stm32f0xx_hal_rcc.o(i.HAL_RCC_ClockConfig)
    HAL_RCC_GetHCLKFreq                      0x08001e51   Thumb Code     6  stm32f0xx_hal_rcc.o(i.HAL_RCC_GetHCLKFreq)
    HAL_RCC_GetSysClockFreq                  0x08001e5d   Thumb Code   150  stm32f0xx_hal_rcc.o(i.HAL_RCC_GetSysClockFreq)
    HAL_RCC_OscConfig                        0x08001f21   Thumb Code  1352  stm32f0xx_hal_rcc.o(i.HAL_RCC_OscConfig)
    HAL_RTC_Init                             0x0800246d   Thumb Code   182  stm32f0xx_hal_rtc.o(i.HAL_RTC_Init)
    HAL_RTC_MspInit                          0x08002529   Thumb Code    22  rtc.o(i.HAL_RTC_MspInit)
    HAL_RTC_SetAlarm                         0x08002549   Thumb Code   388  stm32f0xx_hal_rtc.o(i.HAL_RTC_SetAlarm)
    HAL_RTC_SetDate                          0x080026cd   Thumb Code   280  stm32f0xx_hal_rtc.o(i.HAL_RTC_SetDate)
    HAL_RTC_SetTime                          0x080027e9   Thumb Code   318  stm32f0xx_hal_rtc.o(i.HAL_RTC_SetTime)
    HAL_RTC_WaitForSynchro                   0x0800292d   Thumb Code    60  stm32f0xx_hal_rtc.o(i.HAL_RTC_WaitForSynchro)
    HAL_SYSTICK_CLKSourceConfig              0x08002969   Thumb Code    32  stm32f0xx_hal_cortex.o(i.HAL_SYSTICK_CLKSourceConfig)
    HAL_SYSTICK_Callback                     0x0800298d   Thumb Code     2  stm32f0xx_hal_cortex.o(i.HAL_SYSTICK_Callback)
    HAL_SYSTICK_Config                       0x08002991   Thumb Code    46  stm32f0xx_hal_cortex.o(i.HAL_SYSTICK_Config)
    HAL_SYSTICK_IRQHandler                   0x080029c9   Thumb Code     8  stm32f0xx_hal_cortex.o(i.HAL_SYSTICK_IRQHandler)
    HAL_TIMEx_BreakCallback                  0x080029d1   Thumb Code     2  stm32f0xx_hal_tim_ex.o(i.HAL_TIMEx_BreakCallback)
    HAL_TIMEx_CommutationCallback            0x080029d3   Thumb Code     2  stm32f0xx_hal_tim_ex.o(i.HAL_TIMEx_CommutationCallback)
    HAL_TIMEx_MasterConfigSynchronization    0x080029d5   Thumb Code    98  stm32f0xx_hal_tim_ex.o(i.HAL_TIMEx_MasterConfigSynchronization)
    HAL_TIM_Base_Init                        0x08002a37   Thumb Code    56  stm32f0xx_hal_tim.o(i.HAL_TIM_Base_Init)
    HAL_TIM_Base_MspInit                     0x08002a71   Thumb Code   128  tim.o(i.HAL_TIM_Base_MspInit)
    HAL_TIM_Base_Start_IT                    0x08002afd   Thumb Code    30  stm32f0xx_hal_tim.o(i.HAL_TIM_Base_Start_IT)
    HAL_TIM_ConfigClockSource                0x08002b1b   Thumb Code   318  stm32f0xx_hal_tim.o(i.HAL_TIM_ConfigClockSource)
    HAL_TIM_IC_CaptureCallback               0x08002c59   Thumb Code     2  stm32f0xx_hal_tim.o(i.HAL_TIM_IC_CaptureCallback)
    HAL_TIM_IRQHandler                       0x08002c5b   Thumb Code   456  stm32f0xx_hal_tim.o(i.HAL_TIM_IRQHandler)
    HAL_TIM_OC_DelayElapsedCallback          0x08002e23   Thumb Code     2  stm32f0xx_hal_tim.o(i.HAL_TIM_OC_DelayElapsedCallback)
    HAL_TIM_PWM_PulseFinishedCallback        0x08002e25   Thumb Code     2  stm32f0xx_hal_tim.o(i.HAL_TIM_PWM_PulseFinishedCallback)
    HAL_TIM_PeriodElapsedCallback            0x08002e29   Thumb Code    38  tim.o(i.HAL_TIM_PeriodElapsedCallback)
    HAL_TIM_TriggerCallback                  0x08002e59   Thumb Code     2  stm32f0xx_hal_tim.o(i.HAL_TIM_TriggerCallback)
    HardFault_Handler                        0x08002e5b   Thumb Code     4  stm32f0xx_it.o(i.HardFault_Handler)
    IncrementCalibrationValue                0x080030fd   Thumb Code    38  temperature.o(i.IncrementCalibrationValue)
    IncrementValue                           0x0800312d   Thumb Code    20  button_handler.o(i.IncrementValue)
    Init                                     0x08003145   Thumb Code    84  main.o(i.Init)
    LEDBlinkingcount                         0x080031a1   Thumb Code    68  led.o(i.LEDBlinkingcount)
    LEDSetBlinking                           0x080031f1   Thumb Code    32  led.o(i.LEDSetBlinking)
    LEDToggle                                0x08003219   Thumb Code    54  led.o(i.LEDToggle)
    MX_ADC_Init                              0x08003259   Thumb Code    94  adc.o(i.MX_ADC_Init)
    MX_DMA_Init                              0x080032c1   Thumb Code    48  dma.o(i.MX_DMA_Init)
    MX_GPIO_Init                             0x080032f5   Thumb Code   232  gpio.o(i.MX_GPIO_Init)
    MX_I2C1_Init                             0x080033ed   Thumb Code    64  i2c.o(i.MX_I2C1_Init)
    MX_RTC_Init                              0x08003439   Thumb Code   166  rtc.o(i.MX_RTC_Init)
    MX_TIM1_Init                             0x080034e9   Thumb Code    94  tim.o(i.MX_TIM1_Init)
    MX_TIM3_Init                             0x08003551   Thumb Code    92  tim.o(i.MX_TIM3_Init)
    NMI_Handler                              0x080035b5   Thumb Code     2  stm32f0xx_it.o(i.NMI_Handler)
    PendSV_Handler                           0x08003631   Thumb Code     2  stm32f0xx_it.o(i.PendSV_Handler)
    RTCGetTimeTimer                          0x08003635   Thumb Code    18  tim.o(i.RTCGetTimeTimer)
    RTCHexToDec                              0x0800364d   Thumb Code   292  i2c.o(i.RTCHexToDec)
    RTC_Bcd2ToByte                           0x08003779   Thumb Code    26  stm32f0xx_hal_rtc.o(i.RTC_Bcd2ToByte)
    RTC_ByteToBcd2                           0x08003793   Thumb Code    26  stm32f0xx_hal_rtc.o(i.RTC_ByteToBcd2)
    RTC_EnterInitMode                        0x080037ad   Thumb Code    66  stm32f0xx_hal_rtc.o(i.RTC_EnterInitMode)
    SVC_Handler                              0x080037ef   Thumb Code     2  stm32f0xx_it.o(i.SVC_Handler)
    SegmentA                                 0x080037f1   Thumb Code    28  display.o(i.SegmentA)
    SegmentB                                 0x0800380d   Thumb Code    18  display.o(i.SegmentB)
    SwitchCalibrationState                   0x08003821   Thumb Code    24  temperature.o(i.SwitchCalibrationState)
    SysTick_Handler                          0x0800383d   Thumb Code    12  stm32f0xx_it.o(i.SysTick_Handler)
    SystemClock_Config                       0x08003849   Thumb Code   154  main.o(i.SystemClock_Config)
    SystemInit                               0x080038e9   Thumb Code   104  system_stm32f0xx.o(i.SystemInit)
    TIM1_BRK_UP_TRG_COM_IRQHandler           0x0800395d   Thumb Code    10  stm32f0xx_it.o(i.TIM1_BRK_UP_TRG_COM_IRQHandler)
    TIM1_CC_IRQHandler                       0x0800396d   Thumb Code    10  stm32f0xx_it.o(i.TIM1_CC_IRQHandler)
    TIM3_IRQHandler                          0x0800397d   Thumb Code    10  stm32f0xx_it.o(i.TIM3_IRQHandler)
    TIM_Base_SetConfig                       0x0800398d   Thumb Code   124  stm32f0xx_hal_tim.o(i.TIM_Base_SetConfig)
    TIM_ETR_SetConfig                        0x08003a1d   Thumb Code    30  stm32f0xx_hal_tim.o(i.TIM_ETR_SetConfig)
    TempSet                                  0x08003ac1   Thumb Code    16  programs.o(i.TempSet)
    __ARM_clz                                0x08003ad1   Thumb Code    46  depilogue.o(i.__ARM_clz)
    __ARM_common_switch8                     0x08003aff   Thumb Code    28  stm32f0xx_hal_tim.o(i.__ARM_common_switch8)
    __kernel_poly                            0x08003b1b   Thumb Code   172  poly.o(i.__kernel_poly)
    __mathlib_dbl_divzero                    0x08003bc9   Thumb Code    16  dunder.o(i.__mathlib_dbl_divzero)
    __mathlib_dbl_infnan                     0x08003bdd   Thumb Code    10  dunder.o(i.__mathlib_dbl_infnan)
    __mathlib_dbl_invalid                    0x08003be7   Thumb Code    16  dunder.o(i.__mathlib_dbl_invalid)
    __scatterload_copy                       0x08003bf7   Thumb Code    14  handlers.o(i.__scatterload_copy)
    __scatterload_null                       0x08003c05   Thumb Code     2  handlers.o(i.__scatterload_null)
    __scatterload_zeroinit                   0x08003c07   Thumb Code    14  handlers.o(i.__scatterload_zeroinit)
    __set_errno                              0x08003c15   Thumb Code     6  errno.o(i.__set_errno)
    adaptiveStartDisplay                     0x08003c21   Thumb Code    48  display.o(i.adaptiveStartDisplay)
    adaptiveStartStateDisplay                0x08003c55   Thumb Code    32  adaptive_start.o(i.adaptiveStartStateDisplay)
    adaptiveStartStateSelect                 0x08003c7d   Thumb Code    32  adaptive_start.o(i.adaptiveStartStateSelect)
    adaptiveStartTimeCheck                   0x08003ca1   Thumb Code    96  adaptive_start.o(i.adaptiveStartTimeCheck)
    adcGetADCData                            0x08003d09   Thumb Code    42  adc.o(i.adcGetADCData)
    adcGetResistance                         0x08003d39   Thumb Code    36  temperature.o(i.adcGetResistance)
    adcGetTemperature                        0x08003d69   Thumb Code   206  temperature.o(i.adcGetTemperature)
    adcGetVoltage                            0x08003e6d   Thumb Code    36  temperature.o(i.adcGetVoltage)
    antifreezeDisplay                        0x08003e99   Thumb Code    12  display.o(i.antifreezeDisplay)
    averageValueCalcADC                      0x08003ea5   Thumb Code    28  temperature.o(i.averageValueCalcADC)
    button_drv_init                          0x08003ec9   Thumb Code    32  button_drv.o(i.button_drv_init)
    buttons_init                             0x08003ef1   Thumb Code   134  button_handler.o(i.buttons_init)
    calibrationDisplay                       0x08003f91   Thumb Code    42  display.o(i.calibrationDisplay)
    changedSettingsCheck                     0x08003fc5   Thumb Code    70  time_date.o(i.changedSettingsCheck)
    checkForPowerLoss                        0x08004015   Thumb Code    24  i2c.o(i.checkForPowerLoss)
    checkForScheduleStart                    0x08004031   Thumb Code    34  schedules.o(i.checkForScheduleStart)
    checkForTimestamp                        0x0800405d   Thumb Code    40  adaptive_start.o(i.checkForTimestamp)
    checkWeekDayType                         0x0800408d   Thumb Code    70  schedules.o(i.checkWeekDayType)
    closedWindowCheckNotSuccess              0x080040d9   Thumb Code    22  open_window.o(i.closedWindowCheckNotSuccess)
    closedWindowCheckTemperatureLoss         0x08004101   Thumb Code    32  open_window.o(i.closedWindowCheckTemperatureLoss)
    closedWindowSpeculateTemperature         0x0800412d   Thumb Code    52  open_window.o(i.closedWindowSpeculateTemperature)
    closingTheWindow                         0x08004171   Thumb Code    24  open_window.o(i.closingTheWindow)
    comfortTempSave                          0x08004195   Thumb Code    26  button_handler.o(i.comfortTempSave)
    counters                                 0x080041b9   Thumb Code   130  tim.o(i.counters)
    differenceTargetTemp                     0x08004251   Thumb Code    54  adaptive_start.o(i.differenceTargetTemp)
    display                                  0x08004291   Thumb Code   156  display.o(i.display)
    displayActivateScreen                    0x08004335   Thumb Code    28  display.o(i.displayActivateScreen)
    displayBlinking                          0x08004355   Thumb Code    64  display.o(i.displayBlinking)
    displayCharSegment                       0x080043a9   Thumb Code   266  display.o(i.displayCharSegment)
    displayDecrementScreenRate               0x080044cd   Thumb Code    24  display.o(i.displayDecrementScreenRate)
    displayLockedScreen                      0x080044e9   Thumb Code    64  display.o(i.displayLockedScreen)
    displayNumberSegment                     0x08004535   Thumb Code   302  display.o(i.displayNumberSegment)
    displayTripleBlinker                     0x0800467d   Thumb Code   104  display.o(i.displayTripleBlinker)
    display_init                             0x080046f1   Thumb Code    20  display.o(i.display_init)
    enable_push_button                       0x08004709   Thumb Code   166  button_drv.o(i.enable_push_button)
    factorySettingsDisplay                   0x080047c5   Thumb Code    44  display.o(i.factorySettingsDisplay)
    factorySettingsDisplayTimer              0x08004801   Thumb Code   126  factory_settings.o(i.factorySettingsDisplayTimer)
    factorySettingsStateDisplay              0x08004895   Thumb Code    66  factory_settings.o(i.factorySettingsStateDisplay)
    fastCheckIfStartNow                      0x080048e5   Thumb Code   296  schedules.o(i.fastCheckIfStartNow)
    firstLED                                 0x08004a15   Thumb Code    38  led.o(i.firstLED)
    flashFullErase                           0x08004a41   Thumb Code    18  flash.o(i.flashFullErase)
    flashReadHalfword                        0x08004a59   Thumb Code   490  flash.o(i.flashReadHalfword)
    flashWriteHalfword                       0x08004c55   Thumb Code   796  flash.o(i.flashWriteHalfword)
    getTemperature                           0x08004f85   Thumb Code     8  tim.o(i.getTemperature)
    hardwareTest                             0x08004f91   Thumb Code   306  hardware_test.o(i.hardwareTest)
    heaterNotHeating                         0x080050e1   Thumb Code    26  open_window.o(i.heaterNotHeating)
    heatingSetTargetTemperature              0x08005105   Thumb Code    12  heating.o(i.heatingSetTargetTemperature)
    hourSet                                  0x08005111   Thumb Code    34  programs.o(i.hourSet)
    i2cGetRTCValues                          0x08005139   Thumb Code    56  i2c.o(i.i2cGetRTCValues)
    i2cRTCstartingTimeInit                   0x0800517d   Thumb Code    42  i2c.o(i.i2cRTCstartingTimeInit)
    i2cReturnSlaveAddress                    0x080051ad   Thumb Code     6  i2c.o(i.i2cReturnSlaveAddress)
    i2cTestForRTCChip                        0x080051b9   Thumb Code    94  i2c.o(i.i2cTestForRTCChip)
    i2cWriteTimeToRTC                        0x08005225   Thumb Code   126  i2c.o(i.i2cWriteTimeToRTC)
    increment_counter                        0x080052ad   Thumb Code     8  tim.o(i.increment_counter)
    ledCheckForProgram                       0x080052b5   Thumb Code    40  led.o(i.ledCheckForProgram)
    log                                      0x080052e5   Thumb Code   790  log.o(i.log)
    main                                     0x08005639   Thumb Code    88  main.o(i.main)
    minuteTempSet                            0x08005699   Thumb Code    22  programs.o(i.minuteTempSet)
    multiPushButtonHOCallback                0x080056b5   Thumb Code     2  button_handler.o(i.multiPushButtonHOCallback)
    nextProgram                              0x080056d1   Thumb Code    40  programs.o(i.nextProgram)
    noProgram                                0x080056fd   Thumb Code    48  programs.o(i.noProgram)
    notHeatingCount                          0x08005731   Thumb Code    74  open_window.o(i.notHeatingCount)
    openWindowCheckNotSuccess                0x0800578d   Thumb Code    22  open_window.o(i.openWindowCheckNotSuccess)
    openWindowCheckTemperatureLoss           0x080057b5   Thumb Code    48  open_window.o(i.openWindowCheckTemperatureLoss)
    openWindowDisplay                        0x080057f9   Thumb Code    48  display.o(i.openWindowDisplay)
    openWindowSpeculateTemperature           0x0800582d   Thumb Code    58  open_window.o(i.openWindowSpeculateTemperature)
    openWindowStateDisplay                   0x08005879   Thumb Code    30  open_window.o(i.openWindowStateDisplay)
    openWindowStateSelect                    0x080058a1   Thumb Code    32  open_window.o(i.openWindowStateSelect)
    openWindowTimer                          0x080058c5   Thumb Code   134  open_window.o(i.openWindowTimer)
    open_window_init                         0x0800595d   Thumb Code    12  open_window.o(i.open_window_init)
    passCurrentProgramCallback               0x08005971   Thumb Code   178  schedules.o(i.passCurrentProgramCallback)
    passRTCValues                            0x08005a31   Thumb Code    16  i2c.o(i.passRTCValues)
    powerLossSettings                        0x08005a45   Thumb Code    30  button_handler.o(i.powerLossSettings)
    previousProgram                          0x08005a6d   Thumb Code    40  programs.o(i.previousProgram)
    programActiveState                       0x08005a99   Thumb Code    34  programs.o(i.programActiveState)
    programDisplay                           0x08005ac1   Thumb Code    28  programs.o(i.programDisplay)
    programMenuDecrease                      0x08005ae1   Thumb Code    26  program_menu.o(i.programMenuDecrease)
    programMenuIncrease                      0x08005b01   Thumb Code    24  program_menu.o(i.programMenuIncrease)
    programMenuSelect                        0x08005b1d   Thumb Code    76  program_menu.o(i.programMenuSelect)
    programMenuSetComfort                    0x08005b6d   Thumb Code     8  program_menu.o(i.programMenuSetComfort)
    programMenuSetCurrentProgram             0x08005b79   Thumb Code    16  program_menu.o(i.programMenuSetCurrentProgram)
    programMinus                             0x08005b91   Thumb Code    12  programs.o(i.programMinus)
    programPlus                              0x08005b9d   Thumb Code    12  programs.o(i.programPlus)
    programSelect                            0x08005ba9   Thumb Code    84  programs.o(i.programSelect)
    programSelectDisplay                     0x08005c05   Thumb Code     8  display.o(i.programSelectDisplay)
    programStateDisplay                      0x08005c0d   Thumb Code    74  programs.o(i.programStateDisplay)
    programTypeSwitch                        0x08005c59   Thumb Code    38  programs.o(i.programTypeSwitch)
    programsCheckForLowestTarget             0x08005c85   Thumb Code    96  programs.o(i.programsCheckForLowestTarget)
    programsDecrement                        0x08005cf1   Thumb Code    18  programs.o(i.programsDecrement)
    programsIncrement                        0x08005d03   Thumb Code    16  programs.o(i.programsIncrement)
    programsInit                             0x08005d15   Thumb Code   122  programs.o(i.programsInit)
    programsPassAlongSettings                0x08005d99   Thumb Code    40  programs.o(i.programsPassAlongSettings)
    pushButtonBackCallback                   0x08005dc5   Thumb Code   174  button_handler.o(i.pushButtonBackCallback)
    pushButtonDownCallback                   0x08005e89   Thumb Code   114  button_handler.o(i.pushButtonDownCallback)
    pushButtonForwardCallback                0x08005f01   Thumb Code   204  button_handler.o(i.pushButtonForwardCallback)
    pushButtonFunctionCallback               0x08005fe5   Thumb Code   288  button_handler.o(i.pushButtonFunctionCallback)
    pushButtonUpCallback                     0x08006119   Thumb Code   114  button_handler.o(i.pushButtonUpCallback)
    push_button_handler_cb                   0x08006191   Thumb Code   102  button_drv.o(i.push_button_handler_cb)
    redLed                                   0x080061fd   Thumb Code    52  led.o(i.redLed)
    register_push_button                     0x08006235   Thumb Code   228  button_drv.o(i.register_push_button)
    rtcSetTimeToRTC                          0x0800631d   Thumb Code    86  i2c.o(i.rtcSetTimeToRTC)
    schedulesCheck                           0x08006381   Thumb Code    40  schedules.o(i.schedulesCheck)
    schedulesTempChangeSave                  0x080063ad   Thumb Code    80  schedules.o(i.schedulesTempChangeSave)
    screen_toggle_counter_expression         0x08006405   Thumb Code    52  tim.o(i.screen_toggle_counter_expression)
    secondLED                                0x0800643d   Thumb Code    38  led.o(i.secondLED)
    settingProgramsButtonDecrease            0x08006469   Thumb Code    98  programs.o(i.settingProgramsButtonDecrease)
    settingProgramsButtonIncrease            0x080064d5   Thumb Code    98  programs.o(i.settingProgramsButtonIncrease)
    settingProgramsDisplay                   0x08006541   Thumb Code   128  programs.o(i.settingProgramsDisplay)
    settingWeekDay                           0x080065c9   Thumb Code    36  programs.o(i.settingWeekDay)
    setup_rtc_addresses                      0x080065f1   Thumb Code   106  i2c.o(i.setup_rtc_addresses)
    startOrOff                               0x08006665   Thumb Code    38  programs.o(i.startOrOff)
    startProgram                             0x08006691   Thumb Code    50  programs.o(i.startProgram)
    stateBack                                0x080066c9   Thumb Code    36  button_handler.o(i.stateBack)
    stateForward                             0x080066f5   Thumb Code    36  button_handler.o(i.stateForward)
    tim_set_restart                          0x08006721   Thumb Code     8  tim.o(i.tim_set_restart)
    timeChecking                             0x0800672d   Thumb Code   324  adaptive_start.o(i.timeChecking)
    timeDateButtonHandlerDecrement           0x0800687d   Thumb Code    72  time_date.o(i.timeDateButtonHandlerDecrement)
    timeDateButtonHandlerIncrement           0x080068cd   Thumb Code    72  time_date.o(i.timeDateButtonHandlerIncrement)
    timeDateButtonState                      0x0800691d   Thumb Code    12  time_date.o(i.timeDateButtonState)
    timeDateDecrement                        0x0800692d   Thumb Code    18  time_date.o(i.timeDateDecrement)
    timeDateDisplay                          0x08006941   Thumb Code   100  time_date.o(i.timeDateDisplay)
    timeDateIncrement                        0x080069ad   Thumb Code    18  time_date.o(i.timeDateIncrement)
    timeDateInit                             0x080069c1   Thumb Code    16  time_date.o(i.timeDateInit)
    timeScheduleCheck                        0x080069d5   Thumb Code    88  schedules.o(i.timeScheduleCheck)
    timeStampGet                             0x08006a39   Thumb Code   196  adaptive_start.o(i.timeStampGet)
    timeStampToTime                          0x08006b21   Thumb Code    56  adaptive_start.o(i.timeStampToTime)
    triacControl                             0x08006b61   Thumb Code   246  heating.o(i.triacControl)
    updateTemperature                        0x08006c75   Thumb Code    38  temperature.o(i.updateTemperature)
    update_button_states                     0x08006ca9   Thumb Code   552  button_drv.o(i.update_button_states)
    wasFlashSet                              0x08006ee9   Thumb Code    18  flash.o(i.wasFlashSet)
    AHBPrescTable                            0x08006f04   Data          16  system_stm32f0xx.o(.constdata)
    APBPrescTable                            0x08006f14   Data           8  system_stm32f0xx.o(.constdata)
    __mathlib_zero                           0x08006f58   Data           8  qnan.o(.constdata)
    Region$$Table$$Base                      0x08006f60   Number         0  anon$$obj.o(Region$$Table)
    Region$$Table$$Limit                     0x08006f80   Number         0  anon$$obj.o(Region$$Table)
    uwTick                                   0x20000000   Data           4  stm32f0xx_hal.o(.data)
    SystemCoreClock                          0x20000004   Data           4  system_stm32f0xx.o(.data)
    RTC_Time                                 0x20000008   Data           4  i2c.o(.data)
    rtc_time_addressing                      0x2000000c   Data           8  i2c.o(.data)
    SLVadd                                   0x20000014   Data           1  i2c.o(.data)
    startDimming                             0x20000016   Data           1  tim.o(.data)
    display_toggle_count                     0x20000018   Data           2  tim.o(.data)
    RTC_read_count                           0x2000001a   Data           2  tim.o(.data)
    test_check_count                         0x2000001c   Data           2  tim.o(.data)
    tempProgramState                         0x20000020   Data           4  display.o(.data)
    display_status                           0x20000024   Data           8  display.o(.data)
    screen_toggle_rate                       0x2000002c   Data           2  display.o(.data)
    screen_toggle_var                        0x2000002e   Data          10  display.o(.data)
    segments                                 0x20000038   Data          56  display.o(.data)
    display_segment_switch                   0x20000070   Data          64  display.o(.data)
    PushButtonVariable                       0x200000cc   Data           4  button_drv.o(.data)
    Threshholder                             0x200000d0   Data           4  button_drv.o(.data)
    alio                                     0x200000d4   Data           1  button_drv.o(.data)
    open_window_start_timer                  0x200000e0   Data           1  open_window.o(.data)
    counter_open_window                      0x200000e2   Data           2  open_window.o(.data)
    last_checked_temperature                 0x200000e4   Data           2  open_window.o(.data)
    isWindowOpen                             0x200000e6   Data           1  open_window.o(.data)
    time_date_info                           0x200000e8   Data           6  time_date.o(.data)
    adaptive_start_state                     0x200000f0   Data           2  adaptive_start.o(.data)
    timeStampStart                           0x200000f4   Data           4  adaptive_start.o(.data)
    timeStamp                                0x200000f8   Data           2  adaptive_start.o(.data)
    startAdaptiveStart                       0x200000fa   Data           1  adaptive_start.o(.data)
    factorySettingsActive                    0x20000108   Data           1  factory_settings.o(.data)
    factorySettingsDownTheDrainHole          0x20000109   Data           1  factory_settings.o(.data)
    wasPressed                               0x2000010a   Data           1  factory_settings.o(.data)
    count                                    0x2000010c   Data           4  factory_settings.o(.data)
    factorySettingsSetRound                  0x20000110   Data           2  factory_settings.o(.data)
    factorySettingsRound                     0x20000112   Data          16  factory_settings.o(.data)
    Calculated_temperature                   0x20000122   Data           2  temperature.o(.data)
    Calibration_Value                        0x20000124   Data           2  temperature.o(.data)
    calibration_active                       0x20000126   Data           1  temperature.o(.data)
    getTemperatureVal                        0x20000127   Data           1  temperature.o(.data)
    triac                                    0x2000012a   Data           1  heating.o(.data)
    refreshPWMcount                          0x2000012b   Data           1  heating.o(.data)
    DutyCylePercentage                       0x2000012c   Data           1  heating.o(.data)
    isTestMode                               0x20000132   Data           1  hardware_test.o(.data)
    counterPassed                            0x20000133   Data           1  hardware_test.o(.data)
    day_type                                 0x20000134   Data           2  programs.o(.data)
    minute_number                            0x20000136   Data           8  programs.o(.data)
    setting_var                              0x2000013e   Data           6  programs.o(.data)
    programs_menu                            0x20000144   Data           1  program_menu.o(.data)
    doToggleLED                              0x20000145   Data           1  led.o(.data)
    doBlinkingLED                            0x20000146   Data           1  led.o(.data)
    blinkLED                                 0x20000147   Data           1  led.o(.data)
    pFlash                                   0x20000150   Data          32  stm32f0xx_hal_flash.o(.bss)
    hadc                                     0x20000170   Data          76  adc.o(.bss)
    hdma_adc                                 0x200001bc   Data          68  adc.o(.bss)
    hi2c1                                    0x20000200   Data          76  i2c.o(.bss)
    hrtc                                     0x2000024c   Data          32  rtc.o(.bss)
    htim1                                    0x2000026c   Data          64  tim.o(.bss)
    htim3                                    0x200002ac   Data          64  tim.o(.bss)
    current_status                           0x200003c8   Data          30  current_state.o(.bss)
    programs                                 0x200003e6   Data          40  programs.o(.bss)
    __initial_sp                             0x20000810   Data           0  startup_stm32f030x6.o(STACK)



==============================================================================

Memory Map of the image

  Image Entry point : 0x080000b1

  Load Region LR_IROM1 (Base: 0x08000000, Size: 0x000070d0, Max: 0x00008000, ABSOLUTE, COMPRESSED[0x00006ff8])

    Execution Region ER_IROM1 (Base: 0x08000000, Size: 0x00006f80, Max: 0x00008000, ABSOLUTE)

    Base Addr    Size         Type   Attr      Idx    E Section Name        Object

    0x08000000   0x000000b0   Data   RO         4338    RESET               startup_stm32f030x6.o
    0x080000b0   0x00000000   Code   RO         4353  * .ARM.Collect$$$$00000000  mc_p.l(entry.o)
    0x080000b0   0x00000004   Code   RO         4399    .ARM.Collect$$$$00000001  mc_p.l(entry2.o)
    0x080000b4   0x00000004   Code   RO         4402    .ARM.Collect$$$$00000004  mc_p.l(entry5.o)
    0x080000b8   0x00000000   Code   RO         4404    .ARM.Collect$$$$00000008  mc_p.l(entry7b.o)
    0x080000b8   0x00000000   Code   RO         4406    .ARM.Collect$$$$0000000A  mc_p.l(entry8b.o)
    0x080000b8   0x00000008   Code   RO         4407    .ARM.Collect$$$$0000000B  mc_p.l(entry9a.o)
    0x080000c0   0x00000000   Code   RO         4409    .ARM.Collect$$$$0000000D  mc_p.l(entry10a.o)
    0x080000c0   0x00000000   Code   RO         4411    .ARM.Collect$$$$0000000F  mc_p.l(entry11a.o)
    0x080000c0   0x00000004   Code   RO         4400    .ARM.Collect$$$$00002712  mc_p.l(entry2.o)
    0x080000c4   0x0000001c   Code   RO         4339    .text               startup_stm32f030x6.o
    0x080000e0   0x0000002c   Code   RO         4356    .text               mc_p.l(uidiv.o)
    0x0800010c   0x00000028   Code   RO         4358    .text               mc_p.l(idiv.o)
    0x08000134   0x00000022   Code   RO         4360    .text               mc_p.l(llushr.o)
    0x08000156   0x00000024   Code   RO         4362    .text               mc_p.l(memcpya.o)
    0x0800017a   0x00000024   Code   RO         4364    .text               mc_p.l(memseta.o)
    0x0800019e   0x00000002   PAD
    0x080001a0   0x00000164   Code   RO         4368    .text               mf_p.l(dadd.o)
    0x08000304   0x000000d0   Code   RO         4370    .text               mf_p.l(dmul.o)
    0x080003d4   0x000000f0   Code   RO         4372    .text               mf_p.l(ddiv.o)
    0x080004c4   0x00000028   Code   RO         4374    .text               mf_p.l(dflti.o)
    0x080004ec   0x0000001c   Code   RO         4376    .text               mf_p.l(dfltui.o)
    0x08000508   0x0000003c   Code   RO         4378    .text               mf_p.l(dfixui.o)
    0x08000544   0x00000028   Code   RO         4380    .text               mf_p.l(cdcmple.o)
    0x0800056c   0x00000020   Code   RO         4413    .text               mc_p.l(llshl.o)
    0x0800058c   0x00000026   Code   RO         4415    .text               mc_p.l(llsshr.o)
    0x080005b2   0x00000000   Code   RO         4424    .text               mc_p.l(iusefp.o)
    0x080005b2   0x000000be   Code   RO         4425    .text               mf_p.l(depilogue.o)
    0x08000670   0x0000002c   Code   RO         4429    .text               mf_p.l(dscalb.o)
    0x0800069c   0x00000024   Code   RO         4431    .text               mc_p.l(init.o)
    0x080006c0   0x00000056   Code   RO         4441    .text               mc_p.l(__dczerorl2.o)
    0x08000716   0x0000006c   Code   RO         1352    i.ADC_ConversionStop  stm32f0xx_hal_adc.o
    0x08000782   0x00000086   Code   RO         1353    i.ADC_DMAConvCplt   stm32f0xx_hal_adc.o
    0x08000808   0x0000001e   Code   RO         1354    i.ADC_DMAError      stm32f0xx_hal_adc.o
    0x08000826   0x0000000e   Code   RO         1355    i.ADC_DMAHalfConvCplt  stm32f0xx_hal_adc.o
    0x08000834   0x000000aa   Code   RO         1356    i.ADC_Disable       stm32f0xx_hal_adc.o
    0x080008de   0x00000002   PAD
    0x080008e0   0x000000d4   Code   RO         1357    i.ADC_Enable        stm32f0xx_hal_adc.o
    0x080009b4   0x00000010   Code   RO         2752    i.DMA1_Channel1_IRQHandler  stm32f0xx_it.o
    0x080009c4   0x00000020   Code   RO         1830    i.DMA_CalcBaseAndBitshift  stm32f0xx_hal_dma.o
    0x080009e4   0x0000002a   Code   RO         1831    i.DMA_SetConfig     stm32f0xx_hal_dma.o
    0x08000a0e   0x00000002   PAD
    0x08000a10   0x00000030   Code   RO         3833    i.DecrementCalibrationValue  temperature.o
    0x08000a40   0x00000018   Code   RO         3453    i.DecrementValue    button_handler.o
    0x08000a58   0x00000004   Code   RO         3042    i.Error_Handler     main.o
    0x08000a5c   0x00000038   Code   RO         2361    i.FLASH_PageErase   stm32f0xx_hal_flash_ex.o
    0x08000a94   0x00000020   Code   RO         1926    i.FLASH_Program_HalfWord  stm32f0xx_hal_flash.o
    0x08000ab4   0x00000048   Code   RO         1927    i.FLASH_SetErrorCode  stm32f0xx_hal_flash.o
    0x08000afc   0x00000068   Code   RO         1928    i.FLASH_WaitForLastOperation  stm32f0xx_hal_flash.o
    0x08000b64   0x00000188   Code   RO         1359    i.HAL_ADC_ConfigChannel  stm32f0xx_hal_adc.o
    0x08000cec   0x00000002   Code   RO         1360    i.HAL_ADC_ConvCpltCallback  stm32f0xx_hal_adc.o
    0x08000cee   0x00000002   Code   RO         1361    i.HAL_ADC_ConvHalfCpltCallback  stm32f0xx_hal_adc.o
    0x08000cf0   0x00000002   Code   RO         1363    i.HAL_ADC_ErrorCallback  stm32f0xx_hal_adc.o
    0x08000cf2   0x00000008   Code   RO         1366    i.HAL_ADC_GetValue  stm32f0xx_hal_adc.o
    0x08000cfa   0x00000002   PAD
    0x08000cfc   0x000001c0   Code   RO         1368    i.HAL_ADC_Init      stm32f0xx_hal_adc.o
    0x08000ebc   0x0000008c   Code   RO         2825    i.HAL_ADC_MspInit   adc.o
    0x08000f48   0x000000c0   Code   RO         1375    i.HAL_ADC_Start_DMA  stm32f0xx_hal_adc.o
    0x08001008   0x00000088   Code   RO         1378    i.HAL_ADC_Stop_DMA  stm32f0xx_hal_adc.o
    0x08001090   0x00000038   Code   RO         1832    i.HAL_DMA_Abort     stm32f0xx_hal_dma.o
    0x080010c8   0x000000f0   Code   RO         1837    i.HAL_DMA_IRQHandler  stm32f0xx_hal_dma.o
    0x080011b8   0x00000064   Code   RO         1838    i.HAL_DMA_Init      stm32f0xx_hal_dma.o
    0x0800121c   0x0000009a   Code   RO         1842    i.HAL_DMA_Start_IT  stm32f0xx_hal_dma.o
    0x080012b6   0x00000002   PAD
    0x080012b8   0x00000014   Code   RO         1932    i.HAL_FLASH_Lock    stm32f0xx_hal_flash.o
    0x080012cc   0x000000bc   Code   RO         1937    i.HAL_FLASH_Program  stm32f0xx_hal_flash.o
    0x08001388   0x0000002c   Code   RO         1939    i.HAL_FLASH_Unlock  stm32f0xx_hal_flash.o
    0x080013b4   0x000001f0   Code   RO         1531    i.HAL_GPIO_Init     stm32f0xx_hal_gpio.o
    0x080015a4   0x00000012   Code   RO         1533    i.HAL_GPIO_ReadPin  stm32f0xx_hal_gpio.o
    0x080015b6   0x0000000c   Code   RO         1535    i.HAL_GPIO_WritePin  stm32f0xx_hal_gpio.o
    0x080015c2   0x00000002   PAD
    0x080015c4   0x0000000c   Code   RO         2609    i.HAL_GetTick       stm32f0xx_hal.o
    0x080015d0   0x0000006e   Code   RO          660    i.HAL_I2CEx_ConfigAnalogFilter  stm32f0xx_hal_i2c_ex.o
    0x0800163e   0x00000002   PAD
    0x08001640   0x000000d4   Code   RO          247    i.HAL_I2C_Init      stm32f0xx_hal_i2c.o
    0x08001714   0x00000180   Code   RO          253    i.HAL_I2C_Master_Receive  stm32f0xx_hal_i2c.o
    0x08001894   0x0000017c   Code   RO          258    i.HAL_I2C_Master_Transmit  stm32f0xx_hal_i2c.o
    0x08001a10   0x0000005c   Code   RO         2899    i.HAL_I2C_MspInit   i2c.o
    0x08001a6c   0x00000010   Code   RO         2610    i.HAL_IncTick       stm32f0xx_hal.o
    0x08001a7c   0x00000020   Code   RO         2611    i.HAL_Init          stm32f0xx_hal.o
    0x08001a9c   0x00000026   Code   RO         2612    i.HAL_InitTick      stm32f0xx_hal.o
    0x08001ac2   0x00000002   PAD
    0x08001ac4   0x00000044   Code   RO         3238    i.HAL_MspInit       stm32f0xx_hal_msp.o
    0x08001b08   0x00000018   Code   RO          144    i.HAL_NVIC_EnableIRQ  stm32f0xx_hal_cortex.o
    0x08001b20   0x00000012   Code   RO          148    i.HAL_NVIC_SetPriority  stm32f0xx_hal_cortex.o
    0x08001b32   0x00000002   PAD
    0x08001b34   0x00000038   Code   RO          149    i.HAL_NVIC_SystemReset  stm32f0xx_hal_cortex.o
    0x08001b6c   0x00000150   Code   RO            5    i.HAL_RCCEx_PeriphCLKConfig  stm32f0xx_hal_rcc_ex.o
    0x08001cbc   0x00000194   Code   RO         2261    i.HAL_RCC_ClockConfig  stm32f0xx_hal_rcc.o
    0x08001e50   0x0000000c   Code   RO         2266    i.HAL_RCC_GetHCLKFreq  stm32f0xx_hal_rcc.o
    0x08001e5c   0x000000c4   Code   RO         2269    i.HAL_RCC_GetSysClockFreq  stm32f0xx_hal_rcc.o
    0x08001f20   0x0000054c   Code   RO         2272    i.HAL_RCC_OscConfig  stm32f0xx_hal_rcc.o
    0x0800246c   0x000000bc   Code   RO         1704    i.HAL_RTC_Init      stm32f0xx_hal_rtc.o
    0x08002528   0x00000020   Code   RO         3005    i.HAL_RTC_MspInit   rtc.o
    0x08002548   0x00000184   Code   RO         1708    i.HAL_RTC_SetAlarm  stm32f0xx_hal_rtc.o
    0x080026cc   0x0000011c   Code   RO         1710    i.HAL_RTC_SetDate   stm32f0xx_hal_rtc.o
    0x080027e8   0x00000144   Code   RO         1711    i.HAL_RTC_SetTime   stm32f0xx_hal_rtc.o
    0x0800292c   0x0000003c   Code   RO         1712    i.HAL_RTC_WaitForSynchro  stm32f0xx_hal_rtc.o
    0x08002968   0x00000024   Code   RO          150    i.HAL_SYSTICK_CLKSourceConfig  stm32f0xx_hal_cortex.o
    0x0800298c   0x00000002   Code   RO          151    i.HAL_SYSTICK_Callback  stm32f0xx_hal_cortex.o
    0x0800298e   0x00000002   PAD
    0x08002990   0x00000038   Code   RO          152    i.HAL_SYSTICK_Config  stm32f0xx_hal_cortex.o
    0x080029c8   0x00000008   Code   RO          153    i.HAL_SYSTICK_IRQHandler  stm32f0xx_hal_cortex.o
    0x080029d0   0x00000002   Code   RO         2025    i.HAL_TIMEx_BreakCallback  stm32f0xx_hal_tim_ex.o
    0x080029d2   0x00000002   Code   RO         2026    i.HAL_TIMEx_CommutationCallback  stm32f0xx_hal_tim_ex.o
    0x080029d4   0x00000062   Code   RO         2042    i.HAL_TIMEx_MasterConfigSynchronization  stm32f0xx_hal_tim_ex.o
    0x08002a36   0x00000038   Code   RO          714    i.HAL_TIM_Base_Init  stm32f0xx_hal_tim.o
    0x08002a6e   0x00000002   PAD
    0x08002a70   0x0000008c   Code   RO         3133    i.HAL_TIM_Base_MspInit  tim.o
    0x08002afc   0x0000001e   Code   RO          719    i.HAL_TIM_Base_Start_IT  stm32f0xx_hal_tim.o
    0x08002b1a   0x0000013e   Code   RO          723    i.HAL_TIM_ConfigClockSource  stm32f0xx_hal_tim.o
    0x08002c58   0x00000002   Code   RO          743    i.HAL_TIM_IC_CaptureCallback  stm32f0xx_hal_tim.o
    0x08002c5a   0x000001c8   Code   RO          756    i.HAL_TIM_IRQHandler  stm32f0xx_hal_tim.o
    0x08002e22   0x00000002   Code   RO          759    i.HAL_TIM_OC_DelayElapsedCallback  stm32f0xx_hal_tim.o
    0x08002e24   0x00000002   Code   RO          786    i.HAL_TIM_PWM_PulseFinishedCallback  stm32f0xx_hal_tim.o
    0x08002e26   0x00000002   PAD
    0x08002e28   0x00000030   Code   RO         3134    i.HAL_TIM_PeriodElapsedCallback  tim.o
    0x08002e58   0x00000002   Code   RO          797    i.HAL_TIM_TriggerCallback  stm32f0xx_hal_tim.o
    0x08002e5a   0x00000004   Code   RO         2753    i.HardFault_Handler  stm32f0xx_it.o
    0x08002e5e   0x00000032   Code   RO          289    i.I2C_Flush_TXDR    stm32f0xx_hal_i2c.o
    0x08002e90   0x00000094   Code   RO          297    i.I2C_IsAcknowledgeFailed  stm32f0xx_hal_i2c.o
    0x08002f24   0x00000030   Code   RO          304    i.I2C_TransferConfig  stm32f0xx_hal_i2c.o
    0x08002f54   0x00000052   Code   RO          305    i.I2C_WaitOnFlagUntilTimeout  stm32f0xx_hal_i2c.o
    0x08002fa6   0x00000002   PAD
    0x08002fa8   0x00000098   Code   RO          306    i.I2C_WaitOnRXNEFlagUntilTimeout  stm32f0xx_hal_i2c.o
    0x08003040   0x0000005a   Code   RO          307    i.I2C_WaitOnSTOPFlagUntilTimeout  stm32f0xx_hal_i2c.o
    0x0800309a   0x00000060   Code   RO          308    i.I2C_WaitOnTXISFlagUntilTimeout  stm32f0xx_hal_i2c.o
    0x080030fa   0x00000002   PAD
    0x080030fc   0x00000030   Code   RO         3834    i.IncrementCalibrationValue  temperature.o
    0x0800312c   0x00000018   Code   RO         3454    i.IncrementValue    button_handler.o
    0x08003144   0x0000005c   Code   RO         3043    i.Init              main.o
    0x080031a0   0x00000050   Code   RO         4238    i.LEDBlinkingcount  led.o
    0x080031f0   0x00000028   Code   RO         4239    i.LEDSetBlinking    led.o
    0x08003218   0x00000040   Code   RO         4240    i.LEDToggle         led.o
    0x08003258   0x00000068   Code   RO         2826    i.MX_ADC_Init       adc.o
    0x080032c0   0x00000034   Code   RO         3258    i.MX_DMA_Init       dma.o
    0x080032f4   0x000000f8   Code   RO         2878    i.MX_GPIO_Init      gpio.o
    0x080033ec   0x0000004c   Code   RO         2900    i.MX_I2C1_Init      i2c.o
    0x08003438   0x000000b0   Code   RO         3006    i.MX_RTC_Init       rtc.o
    0x080034e8   0x00000068   Code   RO         3135    i.MX_TIM1_Init      tim.o
    0x08003550   0x00000064   Code   RO         3136    i.MX_TIM3_Init      tim.o
    0x080035b4   0x00000002   Code   RO         2754    i.NMI_Handler       stm32f0xx_it.o
    0x080035b6   0x00000002   PAD
    0x080035b8   0x00000078   Code   RO          154    i.NVIC_SetPriority  stm32f0xx_hal_cortex.o
    0x08003630   0x00000002   Code   RO         2755    i.PendSV_Handler    stm32f0xx_it.o
    0x08003632   0x00000002   PAD
    0x08003634   0x00000018   Code   RO         3137    i.RTCGetTimeTimer   tim.o
    0x0800364c   0x0000012c   Code   RO         2901    i.RTCHexToDec       i2c.o
    0x08003778   0x0000001a   Code   RO         1713    i.RTC_Bcd2ToByte    stm32f0xx_hal_rtc.o
    0x08003792   0x0000001a   Code   RO         1714    i.RTC_ByteToBcd2    stm32f0xx_hal_rtc.o
    0x080037ac   0x00000042   Code   RO         1715    i.RTC_EnterInitMode  stm32f0xx_hal_rtc.o
    0x080037ee   0x00000002   Code   RO         2756    i.SVC_Handler       stm32f0xx_it.o
    0x080037f0   0x0000001c   Code   RO         3278    i.SegmentA          display.o
    0x0800380c   0x00000012   Code   RO         3279    i.SegmentB          display.o
    0x0800381e   0x00000002   PAD
    0x08003820   0x0000001c   Code   RO         3835    i.SwitchCalibrationState  temperature.o
    0x0800383c   0x0000000c   Code   RO         2757    i.SysTick_Handler   stm32f0xx_it.o
    0x08003848   0x000000a0   Code   RO         3044    i.SystemClock_Config  main.o
    0x080038e8   0x00000074   Code   RO         2720    i.SystemInit        system_stm32f0xx.o
    0x0800395c   0x00000010   Code   RO         2758    i.TIM1_BRK_UP_TRG_COM_IRQHandler  stm32f0xx_it.o
    0x0800396c   0x00000010   Code   RO         2759    i.TIM1_CC_IRQHandler  stm32f0xx_it.o
    0x0800397c   0x00000010   Code   RO         2760    i.TIM3_IRQHandler   stm32f0xx_it.o
    0x0800398c   0x00000090   Code   RO          798    i.TIM_Base_SetConfig  stm32f0xx_hal_tim.o
    0x08003a1c   0x0000001e   Code   RO          805    i.TIM_ETR_SetConfig  stm32f0xx_hal_tim.o
    0x08003a3a   0x0000001a   Code   RO          806    i.TIM_ITRx_SetConfig  stm32f0xx_hal_tim.o
    0x08003a54   0x00000036   Code   RO          812    i.TIM_TI1_ConfigInputStage  stm32f0xx_hal_tim.o
    0x08003a8a   0x00000036   Code   RO          814    i.TIM_TI2_ConfigInputStage  stm32f0xx_hal_tim.o
    0x08003ac0   0x00000010   Code   RO         3959    i.TempSet           programs.o
    0x08003ad0   0x0000002e   Code   RO         4427    i.__ARM_clz         mf_p.l(depilogue.o)
    0x08003afe   0x0000001c   Code   RO         1345    i.__ARM_common_switch8  stm32f0xx_hal_tim.o
    0x08003b1a   0x000000ac   Code   RO         4396    i.__kernel_poly     m_ps.l(poly.o)
    0x08003bc6   0x00000002   PAD
    0x08003bc8   0x00000014   Code   RO         4382    i.__mathlib_dbl_divzero  m_ps.l(dunder.o)
    0x08003bdc   0x0000000a   Code   RO         4383    i.__mathlib_dbl_infnan  m_ps.l(dunder.o)
    0x08003be6   0x00000010   Code   RO         4385    i.__mathlib_dbl_invalid  m_ps.l(dunder.o)
    0x08003bf6   0x0000000e   Code   RO         4435    i.__scatterload_copy  mc_p.l(handlers.o)
    0x08003c04   0x00000002   Code   RO         4436    i.__scatterload_null  mc_p.l(handlers.o)
    0x08003c06   0x0000000e   Code   RO         4437    i.__scatterload_zeroinit  mc_p.l(handlers.o)
    0x08003c14   0x0000000c   Code   RO         4419    i.__set_errno       mc_p.l(errno.o)
    0x08003c20   0x00000034   Code   RO         3280    i.adaptiveStartDisplay  display.o
    0x08003c54   0x00000028   Code   RO         3732    i.adaptiveStartStateDisplay  adaptive_start.o
    0x08003c7c   0x00000024   Code   RO         3733    i.adaptiveStartStateSelect  adaptive_start.o
    0x08003ca0   0x00000068   Code   RO         3734    i.adaptiveStartTimeCheck  adaptive_start.o
    0x08003d08   0x00000030   Code   RO         2827    i.adcGetADCData     adc.o
    0x08003d38   0x00000030   Code   RO         3836    i.adcGetResistance  temperature.o
    0x08003d68   0x00000104   Code   RO         3837    i.adcGetTemperature  temperature.o
    0x08003e6c   0x0000002c   Code   RO         3838    i.adcGetVoltage     temperature.o
    0x08003e98   0x0000000c   Code   RO         3281    i.antifreezeDisplay  display.o
    0x08003ea4   0x00000024   Code   RO         3839    i.averageValueCalcADC  temperature.o
    0x08003ec8   0x00000028   Code   RO         3400    i.button_drv_init   button_drv.o
    0x08003ef0   0x000000a0   Code   RO         3455    i.buttons_init      button_handler.o
    0x08003f90   0x00000034   Code   RO         3282    i.calibrationDisplay  display.o
    0x08003fc4   0x00000050   Code   RO         3640    i.changedSettingsCheck  time_date.o
    0x08004014   0x0000001c   Code   RO         2902    i.checkForPowerLoss  i2c.o
    0x08004030   0x0000002c   Code   RO         4182    i.checkForScheduleStart  schedules.o
    0x0800405c   0x00000030   Code   RO         3735    i.checkForTimestamp  adaptive_start.o
    0x0800408c   0x0000004c   Code   RO         4183    i.checkWeekDayType  schedules.o
    0x080040d8   0x00000028   Code   RO         3545    i.closedWindowCheckNotSuccess  open_window.o
    0x08004100   0x0000002c   Code   RO         3546    i.closedWindowCheckTemperatureLoss  open_window.o
    0x0800412c   0x00000044   Code   RO         3547    i.closedWindowSpeculateTemperature  open_window.o
    0x08004170   0x00000024   Code   RO         3548    i.closingTheWindow  open_window.o
    0x08004194   0x00000024   Code   RO         3456    i.comfortTempSave   button_handler.o
    0x080041b8   0x00000098   Code   RO         3138    i.counters          tim.o
    0x08004250   0x00000040   Code   RO         3736    i.differenceTargetTemp  adaptive_start.o
    0x08004290   0x000000a4   Code   RO         3283    i.display           display.o
    0x08004334   0x00000020   Code   RO         3284    i.displayActivateScreen  display.o
    0x08004354   0x00000054   Code   RO         3285    i.displayBlinking   display.o
    0x080043a8   0x00000124   Code   RO         3286    i.displayCharSegment  display.o
    0x080044cc   0x0000001c   Code   RO         3287    i.displayDecrementScreenRate  display.o
    0x080044e8   0x0000004c   Code   RO         3288    i.displayLockedScreen  display.o
    0x08004534   0x00000148   Code   RO         3289    i.displayNumberSegment  display.o
    0x0800467c   0x00000074   Code   RO         3290    i.displayTripleBlinker  display.o
    0x080046f0   0x00000018   Code   RO         3291    i.display_init      display.o
    0x08004708   0x000000bc   Code   RO         3401    i.enable_push_button  button_drv.o
    0x080047c4   0x0000003c   Code   RO         3292    i.factorySettingsDisplay  display.o
    0x08004800   0x00000094   Code   RO         3801    i.factorySettingsDisplayTimer  factory_settings.o
    0x08004894   0x00000050   Code   RO         3802    i.factorySettingsStateDisplay  factory_settings.o
    0x080048e4   0x00000130   Code   RO         4184    i.fastCheckIfStartNow  schedules.o
    0x08004a14   0x0000002c   Code   RO         4241    i.firstLED          led.o
    0x08004a40   0x00000018   Code   RO         4300    i.flashFullErase    flash.o
    0x08004a58   0x000001fc   Code   RO         4301    i.flashReadHalfword  flash.o
    0x08004c54   0x00000330   Code   RO         4302    i.flashWriteHalfword  flash.o
    0x08004f84   0x0000000c   Code   RO         3139    i.getTemperature    tim.o
    0x08004f90   0x00000150   Code   RO         3933    i.hardwareTest      hardware_test.o
    0x080050e0   0x00000024   Code   RO         3549    i.heaterNotHeating  open_window.o
    0x08005104   0x0000000c   Code   RO         3901    i.heatingSetTargetTemperature  heating.o
    0x08005110   0x00000028   Code   RO         3960    i.hourSet           programs.o
    0x08005138   0x00000044   Code   RO         2903    i.i2cGetRTCValues   i2c.o
    0x0800517c   0x00000030   Code   RO         2904    i.i2cRTCstartingTimeInit  i2c.o
    0x080051ac   0x0000000c   Code   RO         2905    i.i2cReturnSlaveAddress  i2c.o
    0x080051b8   0x0000006c   Code   RO         2906    i.i2cTestForRTCChip  i2c.o
    0x08005224   0x00000088   Code   RO         2907    i.i2cWriteTimeToRTC  i2c.o
    0x080052ac   0x00000008   Code   RO         3140    i.increment_counter  tim.o
    0x080052b4   0x00000030   Code   RO         4242    i.ledCheckForProgram  led.o
    0x080052e4   0x00000354   Code   RO         4344    i.log               m_ps.l(log.o)
    0x08005638   0x00000060   Code   RO         3045    i.main              main.o
    0x08005698   0x0000001c   Code   RO         3961    i.minuteTempSet     programs.o
    0x080056b4   0x00000002   Code   RO         3457    i.multiPushButtonHOCallback  button_handler.o
    0x080056b6   0x00000002   PAD
    0x080056b8   0x00000018   Code   RO         3402    i.multi_button_cb_checker  button_drv.o
    0x080056d0   0x0000002c   Code   RO         3962    i.nextProgram       programs.o
    0x080056fc   0x00000034   Code   RO         3963    i.noProgram         programs.o
    0x08005730   0x0000005c   Code   RO         3550    i.notHeatingCount   open_window.o
    0x0800578c   0x00000028   Code   RO         3551    i.openWindowCheckNotSuccess  open_window.o
    0x080057b4   0x00000044   Code   RO         3552    i.openWindowCheckTemperatureLoss  open_window.o
    0x080057f8   0x00000034   Code   RO         3293    i.openWindowDisplay  display.o
    0x0800582c   0x0000004c   Code   RO         3553    i.openWindowSpeculateTemperature  open_window.o
    0x08005878   0x00000028   Code   RO         3554    i.openWindowStateDisplay  open_window.o
    0x080058a0   0x00000024   Code   RO         3555    i.openWindowStateSelect  open_window.o
    0x080058c4   0x00000098   Code   RO         3556    i.openWindowTimer   open_window.o
    0x0800595c   0x00000014   Code   RO         3557    i.open_window_init  open_window.o
    0x08005970   0x000000c0   Code   RO         4185    i.passCurrentProgramCallback  schedules.o
    0x08005a30   0x00000014   Code   RO         2908    i.passRTCValues     i2c.o
    0x08005a44   0x00000028   Code   RO         3458    i.powerLossSettings  button_handler.o
    0x08005a6c   0x0000002c   Code   RO         3964    i.previousProgram   programs.o
    0x08005a98   0x00000028   Code   RO         3965    i.programActiveState  programs.o
    0x08005ac0   0x00000020   Code   RO         3966    i.programDisplay    programs.o
    0x08005ae0   0x00000020   Code   RO         4128    i.programMenuDecrease  program_menu.o
    0x08005b00   0x0000001c   Code   RO         4129    i.programMenuIncrease  program_menu.o
    0x08005b1c   0x00000050   Code   RO         4130    i.programMenuSelect  program_menu.o
    0x08005b6c   0x0000000c   Code   RO         4131    i.programMenuSetComfort  program_menu.o
    0x08005b78   0x00000018   Code   RO         4132    i.programMenuSetCurrentProgram  program_menu.o
    0x08005b90   0x0000000c   Code   RO         3967    i.programMinus      programs.o
    0x08005b9c   0x0000000c   Code   RO         3968    i.programPlus       programs.o
    0x08005ba8   0x0000005c   Code   RO         3969    i.programSelect     programs.o
    0x08005c04   0x00000008   Code   RO         3294    i.programSelectDisplay  display.o
    0x08005c0c   0x0000004a   Code   RO         3970    i.programStateDisplay  programs.o
    0x08005c56   0x00000002   PAD
    0x08005c58   0x0000002c   Code   RO         3971    i.programTypeSwitch  programs.o
    0x08005c84   0x0000006c   Code   RO         3972    i.programsCheckForLowestTarget  programs.o
    0x08005cf0   0x00000012   Code   RO         3973    i.programsDecrement  programs.o
    0x08005d02   0x00000010   Code   RO         3974    i.programsIncrement  programs.o
    0x08005d12   0x00000002   PAD
    0x08005d14   0x00000084   Code   RO         3975    i.programsInit      programs.o
    0x08005d98   0x0000002c   Code   RO         3976    i.programsPassAlongSettings  programs.o
    0x08005dc4   0x000000c4   Code   RO         3459    i.pushButtonBackCallback  button_handler.o
    0x08005e88   0x00000078   Code   RO         3460    i.pushButtonDownCallback  button_handler.o
    0x08005f00   0x000000e4   Code   RO         3461    i.pushButtonForwardCallback  button_handler.o
    0x08005fe4   0x00000134   Code   RO         3462    i.pushButtonFunctionCallback  button_handler.o
    0x08006118   0x00000078   Code   RO         3463    i.pushButtonUpCallback  button_handler.o
    0x08006190   0x0000006c   Code   RO         3403    i.push_button_handler_cb  button_drv.o
    0x080061fc   0x00000038   Code   RO         4243    i.redLed            led.o
    0x08006234   0x000000e8   Code   RO         3404    i.register_push_button  button_drv.o
    0x0800631c   0x00000064   Code   RO         2909    i.rtcSetTimeToRTC   i2c.o
    0x08006380   0x0000002c   Code   RO         4186    i.schedulesCheck    schedules.o
    0x080063ac   0x00000058   Code   RO         4187    i.schedulesTempChangeSave  schedules.o
    0x08006404   0x00000038   Code   RO         3141    i.screen_toggle_counter_expression  tim.o
    0x0800643c   0x0000002c   Code   RO         4244    i.secondLED         led.o
    0x08006468   0x0000006c   Code   RO         3977    i.settingProgramsButtonDecrease  programs.o
    0x080064d4   0x0000006c   Code   RO         3978    i.settingProgramsButtonIncrease  programs.o
    0x08006540   0x00000088   Code   RO         3979    i.settingProgramsDisplay  programs.o
    0x080065c8   0x00000028   Code   RO         3980    i.settingWeekDay    programs.o
    0x080065f0   0x00000074   Code   RO         2910    i.setup_rtc_addresses  i2c.o
    0x08006664   0x0000002c   Code   RO         3981    i.startOrOff        programs.o
    0x08006690   0x00000038   Code   RO         3982    i.startProgram      programs.o
    0x080066c8   0x0000002c   Code   RO         3464    i.stateBack         button_handler.o
    0x080066f4   0x0000002c   Code   RO         3465    i.stateForward      button_handler.o
    0x08006720   0x0000000c   Code   RO         3142    i.tim_set_restart   tim.o
    0x0800672c   0x00000150   Code   RO         3737    i.timeChecking      adaptive_start.o
    0x0800687c   0x00000050   Code   RO         3641    i.timeDateButtonHandlerDecrement  time_date.o
    0x080068cc   0x00000050   Code   RO         3642    i.timeDateButtonHandlerIncrement  time_date.o
    0x0800691c   0x00000010   Code   RO         3643    i.timeDateButtonState  time_date.o
    0x0800692c   0x00000012   Code   RO         3644    i.timeDateDecrement  time_date.o
    0x0800693e   0x00000002   PAD
    0x08006940   0x0000006c   Code   RO         3645    i.timeDateDisplay   time_date.o
    0x080069ac   0x00000012   Code   RO         3646    i.timeDateIncrement  time_date.o
    0x080069be   0x00000002   PAD
    0x080069c0   0x00000014   Code   RO         3647    i.timeDateInit      time_date.o
    0x080069d4   0x00000064   Code   RO         4188    i.timeScheduleCheck  schedules.o
    0x08006a38   0x000000e8   Code   RO         3738    i.timeStampGet      adaptive_start.o
    0x08006b20   0x00000040   Code   RO         3739    i.timeStampToTime   adaptive_start.o
    0x08006b60   0x00000114   Code   RO         3902    i.triacControl      heating.o
    0x08006c74   0x00000034   Code   RO         3840    i.updateTemperature  temperature.o
    0x08006ca8   0x00000240   Code   RO         3405    i.update_button_states  button_drv.o
    0x08006ee8   0x0000001c   Code   RO         4303    i.wasFlashSet       flash.o
    0x08006f04   0x00000018   Data   RO         2721    .constdata          system_stm32f0xx.o
    0x08006f1c   0x00000004   PAD
    0x08006f20   0x00000038   Data   RO         4345    .constdata          m_ps.l(log.o)
    0x08006f58   0x00000008   Data   RO         4398    .constdata          m_ps.l(qnan.o)
    0x08006f60   0x00000020   Data   RO         4433    Region$$Table       anon$$obj.o


    Execution Region RW_IRAM1 (Base: 0x20000000, Size: 0x00000810, Max: 0x00001000, ABSOLUTE, COMPRESSED[0x00000078])

    Base Addr    Size         Type   Attr      Idx    E Section Name        Object

    0x20000000   0x00000004   Data   RW         2617    .data               stm32f0xx_hal.o
    0x20000004   0x00000004   Data   RW         2722    .data               system_stm32f0xx.o
    0x20000008   0x0000000d   Data   RW         2912    .data               i2c.o
    0x20000015   0x00000001   PAD
    0x20000016   0x0000000a   Data   RW         3144    .data               tim.o
    0x20000020   0x00000094   Data   RW         3295    .data               display.o
    0x200000b4   0x0000002c   Data   RW         3407    .data               button_drv.o
    0x200000e0   0x00000008   Data   RW         3558    .data               open_window.o
    0x200000e8   0x00000006   Data   RW         3648    .data               time_date.o
    0x200000ee   0x00000002   PAD
    0x200000f0   0x00000018   Data   RW         3740    .data               adaptive_start.o
    0x20000108   0x0000001a   Data   RW         3803    .data               factory_settings.o
    0x20000122   0x00000008   Data   RW         3841    .data               temperature.o
    0x2000012a   0x00000008   Data   RW         3903    .data               heating.o
    0x20000132   0x00000002   Data   RW         3934    .data               hardware_test.o
    0x20000134   0x00000010   Data   RW         3984    .data               programs.o
    0x20000144   0x00000001   Data   RW         4133    .data               program_menu.o
    0x20000145   0x00000004   Data   RW         4245    .data               led.o
    0x20000149   0x00000003   PAD
    0x2000014c   0x00000004   Data   RW         4420    .data               mc_p.l(errno.o)
    0x20000150   0x00000020   Zero   RW         1940    .bss                stm32f0xx_hal_flash.o
    0x20000170   0x00000090   Zero   RW         2828    .bss                adc.o
    0x20000200   0x0000004c   Zero   RW         2911    .bss                i2c.o
    0x2000024c   0x00000020   Zero   RW         3007    .bss                rtc.o
    0x2000026c   0x00000080   Zero   RW         3143    .bss                tim.o
    0x200002ec   0x000000dc   Zero   RW         3406    .bss                button_drv.o
    0x200003c8   0x0000001e   Zero   RW         3712    .bss                current_state.o
    0x200003e6   0x00000028   Zero   RW         3983    .bss                programs.o
    0x2000040e   0x00000002   PAD
    0x20000410   0x00000400   Zero   RW         4336    STACK               startup_stm32f030x6.o


==============================================================================

Image component sizes


      Code (inc. data)   RO Data    RW Data    ZI Data      Debug   Object Name

       924         94          0         24          0       5360   adaptive_start.o
       292         32          0          0        144       2180   adc.o
      1168         70          0         44        220       5617   button_drv.o
      1346        224          0          0          0       6888   button_handler.o
         0          0          0          0         30        837   current_state.o
      1426        166          0        148          0      10682   display.o
        52          4          0          0          0        690   dma.o
       228         36          0         26          0       1898   factory_settings.o
      1376         54          0          0          0       2072   flash.o
       248         16          0          0          0        907   gpio.o
       336         30          0          2          0       1074   hardware_test.o
       288         30          0          8          0       1472   heating.o
      1104        110          0         13         76       8453   i2c.o
       376         54          0          4          0       3230   led.o
       352         22          0          0          0       4467   main.o
       748        182          0          8          0       6400   open_window.o
       176         34          0          1          0       2859   program_menu.o
      1340        150          0         16         40      13355   programs.o
       208         20          0          0         32       1475   rtc.o
       848         70          0          0          0       4053   schedules.o
        28          8        176          0       1024        584   startup_stm32f030x6.o
        98         14          0          4          0       2991   stm32f0xx_hal.o
      1850         56          0          0          0       9883   stm32f0xx_hal_adc.o
       320         38          0          0          0      11054   stm32f0xx_hal_cortex.o
       624         10          0          0          0       4435   stm32f0xx_hal_dma.o
       460         52          0          0         32       4058   stm32f0xx_hal_flash.o
        56         10          0          0          0        550   stm32f0xx_hal_flash_ex.o
       526         26          0          0          0       2787   stm32f0xx_hal_gpio.o
      1642         28          0          0          0       9814   stm32f0xx_hal_i2c.o
       110          0          0          0          0       1075   stm32f0xx_hal_i2c_ex.o
        68          6          0          0          0        786   stm32f0xx_hal_msp.o
      1968         90          0          0          0       4314   stm32f0xx_hal_rcc.o
       336         14          0          0          0     272684   stm32f0xx_hal_rcc_ex.o
      1362         16          0          0          0       6405   stm32f0xx_hal_rtc.o
      1204         20          0          0          0       8951   stm32f0xx_hal_tim.o
       102          0          0          0          0       2186   stm32f0xx_hal_tim_ex.o
        86         24          0          0          0       3806   stm32f0xx_it.o
       116         12         24          4          0       1099   system_stm32f0xx.o
       564        118          0          8          0       4502   temperature.o
       656         80          0         10        128       6608   tim.o
       420         42          0          6          0       4961   time_date.o

    ----------------------------------------------------------------------
     25474       2062        236        332       1728     447502   Object Totals
         0          0         32          0          0          0   (incl. Generated)
        42          0          4          6          2          0   (incl. Padding)

    ----------------------------------------------------------------------

      Code (inc. data)   RO Data    RW Data    ZI Data      Debug   Library Member Name

        46          4          0          0          0        204   dunder.o
       852         62         56          0          0        136   log.o
       172          0          0          0          0         76   poly.o
         0          0          8          0          0          0   qnan.o
        86          0          0          0          0          0   __dczerorl2.o
         0          0          0          0          0          0   entry.o
         0          0          0          0          0          0   entry10a.o
         0          0          0          0          0          0   entry11a.o
         8          4          0          0          0          0   entry2.o
         4          0          0          0          0          0   entry5.o
         0          0          0          0          0          0   entry7b.o
         0          0          0          0          0          0   entry8b.o
         8          4          0          0          0          0   entry9a.o
        12          6          0          4          0         60   errno.o
        30          0          0          0          0          0   handlers.o
        40          0          0          0          0         72   idiv.o
        36          8          0          0          0         68   init.o
         0          0          0          0          0          0   iusefp.o
        32          0          0          0          0         68   llshl.o
        38          0          0          0          0         68   llsshr.o
        34          0          0          0          0         68   llushr.o
        36          0          0          0          0         60   memcpya.o
        36          0          0          0          0        100   memseta.o
        44          0          0          0          0         72   uidiv.o
        40          2          0          0          0         68   cdcmple.o
       356          4          0          0          0        140   dadd.o
       240          6          0          0          0         84   ddiv.o
       236          0          0          0          0        216   depilogue.o
        60         10          0          0          0         68   dfixui.o
        40          6          0          0          0         68   dflti.o
        28          4          0          0          0         68   dfltui.o
       208          6          0          0          0         88   dmul.o
        44          0          0          0          0         72   dscalb.o

    ----------------------------------------------------------------------
      2770        126         64          4          0       1924   Library Totals
         4          0          0          0          0          0   (incl. Padding)

    ----------------------------------------------------------------------

      Code (inc. data)   RO Data    RW Data    ZI Data      Debug   Library Name

      1070         66         64          0          0        416   m_ps.l
       444         22          0          4          0        636   mc_p.l
      1252         38          0          0          0        872   mf_p.l

    ----------------------------------------------------------------------
      2770        126         64          4          0       1924   Library Totals

    ----------------------------------------------------------------------

==============================================================================


      Code (inc. data)   RO Data    RW Data    ZI Data      Debug   

     28244       2188        300        336       1728     437806   Grand Totals
     28244       2188        300        120       1728     437806   ELF Image Totals (compressed)
     28244       2188        300        120          0          0   ROM Totals

==============================================================================

    Total RO  Size (Code + RO Data)                28544 (  27.88kB)
    Total RW  Size (RW Data + ZI Data)              2064 (   2.02kB)
    Total ROM Size (Code + RO Data + RW Data)      28664 (  27.99kB)

==============================================================================

